Archive member included to satisfy reference by file (symbol)

../Middlewares/ST/AI/Lib\NetworkRuntime1020_CM4_GCC.a(ai_platform.o)
                              ./X-CUBE-AI/App/network.o (ai_buffer_array_item_set_address)
../Middlewares/ST/AI/Lib\NetworkRuntime1020_CM4_GCC.a(ai_platform_interface.o)
                              ./X-CUBE-AI/App/network.o (ai_platform_get_weights_map)
../Middlewares/ST/AI/Lib\NetworkRuntime1020_CM4_GCC.a(core_common.o)
                              ../Middlewares/ST/AI/Lib\NetworkRuntime1020_CM4_GCC.a(ai_platform_interface.o) (core_init)
../Middlewares/ST/AI/Lib\NetworkRuntime1020_CM4_GCC.a(core_mem_manager.o)
                              ../Middlewares/ST/AI/Lib\NetworkRuntime1020_CM4_GCC.a(ai_platform_interface.o) (core_mem_alloc)
../Middlewares/ST/AI/Lib\NetworkRuntime1020_CM4_GCC.a(layers.o)
                              ../Middlewares/ST/AI/Lib\NetworkRuntime1020_CM4_GCC.a(ai_platform_interface.o) (ai_check_custom_types)
../Middlewares/ST/AI/Lib\NetworkRuntime1020_CM4_GCC.a(layers_conv2d_sssa8_ch.o)
                              ./X-CUBE-AI/App/network.o (forward_conv2d_deep_3x3_sssa8_ch_nl_pool)
../Middlewares/ST/AI/Lib\NetworkRuntime1020_CM4_GCC.a(layers_conv2d_stm32_integer.o)
                              ./X-CUBE-AI/App/network.o (forward_dense_integer_SSSA_ch)
../Middlewares/ST/AI/Lib\NetworkRuntime1020_CM4_GCC.a(layers_nl_stm32_integer.o)
                              ./X-CUBE-AI/App/network.o (forward_sm_integer)
../Middlewares/ST/AI/Lib\NetworkRuntime1020_CM4_GCC.a(layers_pool_stm32_integer.o)
                              ./X-CUBE-AI/App/network.o (pool_func_mp_array_integer_INT8)
../Middlewares/ST/AI/Lib\NetworkRuntime1020_CM4_GCC.a(layers_upsample.o)
                              ./X-CUBE-AI/App/network.o (forward_upsample_bilinear_is8os8)
../Middlewares/ST/AI/Lib\NetworkRuntime1020_CM4_GCC.a(layers_conv2d_integer_scratch.o)
                              ../Middlewares/ST/AI/Lib\NetworkRuntime1020_CM4_GCC.a(layers.o) (get_dense_scratch_size_s8)
../Middlewares/ST/AI/Lib\NetworkRuntime1020_CM4_GCC.a(forward_lite_dense_is8os8ws8_ch.o)
                              ../Middlewares/ST/AI/Lib\NetworkRuntime1020_CM4_GCC.a(layers_conv2d_stm32_integer.o) (forward_lite_dense_is8os8ws8_ch)
../Middlewares/ST/AI/Lib\NetworkRuntime1020_CM4_GCC.a(forward_lite_dense_is8os8ws8.o)
                              ../Middlewares/ST/AI/Lib\NetworkRuntime1020_CM4_GCC.a(layers_conv2d_stm32_integer.o) (forward_lite_dense_is8os8ws8)
../Middlewares/ST/AI/Lib\NetworkRuntime1020_CM4_GCC.a(forward_lite_maxpool_is8os8_scalepos.o)
                              ../Middlewares/ST/AI/Lib\NetworkRuntime1020_CM4_GCC.a(layers_pool_stm32_integer.o) (forward_lite_maxpool_is8os8_scalepos)
../Middlewares/ST/AI/Lib\NetworkRuntime1020_CM4_GCC.a(forward_lite_avepool_is8os8.o)
                              ../Middlewares/ST/AI/Lib\NetworkRuntime1020_CM4_GCC.a(layers_pool_stm32_integer.o) (forward_lite_avepool_is8os8)
../Middlewares/ST/AI/Lib\NetworkRuntime1020_CM4_GCC.a(forward_lite_conv2d_sssa8_ch.o)
                              ../Middlewares/ST/AI/Lib\NetworkRuntime1020_CM4_GCC.a(layers_conv2d_sssa8_ch.o) (forward_lite_conv2d_dilated_sssa8_ch)
../Middlewares/ST/AI/Lib\NetworkRuntime1020_CM4_GCC.a(forward_lite_maxpool_is16os16.o)
                              ../Middlewares/ST/AI/Lib\NetworkRuntime1020_CM4_GCC.a(layers_pool_stm32_integer.o) (forward_lite_maxpool_is16os16_scalepos)
../Middlewares/ST/AI/Lib\NetworkRuntime1020_CM4_GCC.a(forward_lite_maxpool_is8os8.o)
                              ../Middlewares/ST/AI/Lib\NetworkRuntime1020_CM4_GCC.a(layers_pool_stm32_integer.o) (forward_lite_maxpool_is8os8_scaleneg)
../Middlewares/ST/AI/Lib\NetworkRuntime1020_CM4_GCC.a(forward_lite_maxpool_iu16ou16.o)
                              ../Middlewares/ST/AI/Lib\NetworkRuntime1020_CM4_GCC.a(layers_pool_stm32_integer.o) (forward_lite_maxpool_iu16ou16_scalepos)
../Middlewares/ST/AI/Lib\NetworkRuntime1020_CM4_GCC.a(forward_lite_maxpool_iu8ou8.o)
                              ../Middlewares/ST/AI/Lib\NetworkRuntime1020_CM4_GCC.a(layers_pool_stm32_integer.o) (forward_lite_maxpool_iu8ou8_scalepos)
../Middlewares/ST/AI/Lib\NetworkRuntime1020_CM4_GCC.a(forward_lite_upsample.o)
                              ../Middlewares/ST/AI/Lib\NetworkRuntime1020_CM4_GCC.a(layers_upsample.o) (forward_lite_upsample_bilinear_is8os8)
../Middlewares/ST/AI/Lib\NetworkRuntime1020_CM4_GCC.a(lite_nl_generic_integer.o)
                              ../Middlewares/ST/AI/Lib\NetworkRuntime1020_CM4_GCC.a(layers_nl_stm32_integer.o) (forward_lite_nl_softmax_is8os8)
../Middlewares/ST/AI/Lib\NetworkRuntime1020_CM4_GCC.a(st_align_factor.o)
                              ../Middlewares/ST/AI/Lib\NetworkRuntime1020_CM4_GCC.a(layers_conv2d_stm32_integer.o) (align_factor)
../Middlewares/ST/AI/Lib\NetworkRuntime1020_CM4_GCC.a(st_int8_to16_no_shift.o)
[...]
Memory Configuration

Name             Origin             Length             Attributes
RAM              0x20000000         0x00018000         xrw
FLASH            0x08000000         0x00080000         xr
*default*        0x00000000         0xffffffff

Linker script and memory map

LOAD C:/ST/STM32CubeIDE_2.1.0/STM32CubeIDE/plugins/com.st.stm32cube.ide.mcu.externaltools.gnu-tools-for-stm32.14.3.rel1.win32_1.0.100.202602081740/tools/bin/../lib/gcc/arm-none-eabi/14.3.1/thumb/v7e-m+fp/hard/crti.o
LOAD C:/ST/STM32CubeIDE_2.1.0/STM32CubeIDE/plugins/com.st.stm32cube.ide.mcu.externaltools.gnu-tools-for-stm32.14.3.rel1.win32_1.0.100.202602081740/tools/bin/../lib/gcc/arm-none-eabi/14.3.1/thumb/v7e-m+fp/hard/crtbegin.o
LOAD C:/ST/STM32CubeIDE_2.1.0/STM32CubeIDE/plugins/com.st.stm32cube.ide.mcu.externaltools.gnu-tools-for-stm32.14.3.rel1.win32_1.0.100.202602081740/tools/bin/../lib/gcc/arm-none-eabi/14.3.1/../../../../arm-none-eabi/lib/thumb/v7e-m+fp/hard/crt0.o
LOAD ./Core/Src/main.o
LOAD ./Core/Src/stm32f4xx_hal_msp.o
LOAD ./Core/Src/stm32f4xx_it.o
LOAD ./Core/Src/sysmem.o
LOAD ./Core/Src/system_stm32f4xx.o
LOAD ./Core/Startup/startup_stm32f401retx.o
LOAD ./Drivers/STM32F4xx_HAL_Driver/Src/stm32f4xx_hal.o
LOAD ./Drivers/STM32F4xx_HAL_Driver/Src/stm32f4xx_hal_cortex.o
LOAD ./Drivers/STM32F4xx_HAL_Driver/Src/stm32f4xx_hal_crc.o
LOAD ./Drivers/STM32F4xx_HAL_Driver/Src/stm32f4xx_hal_dma.o
LOAD ./Drivers/STM32F4xx_HAL_Driver/Src/stm32f4xx_hal_dma_ex.o
LOAD ./Drivers/STM32F4xx_HAL_Driver/Src/stm32f4xx_hal_exti.o
LOAD ./Drivers/STM32F4xx_HAL_Driver/Src/stm32f4xx_hal_flash.o
LOAD ./Drivers/STM32F4xx_HAL_Driver/Src/stm32f4xx_hal_flash_ex.o
LOAD ./Drivers/STM32F4xx_HAL_Driver/Src/stm32f4xx_hal_flash_ramfunc.o
LOAD ./Drivers/STM32F4xx_HAL_Driver/Src/stm32f4xx_hal_gpio.o
LOAD ./Drivers/STM32F4xx_HAL_Driver/Src/stm32f4xx_hal_pwr.o
LOAD ./Drivers/STM32F4xx_HAL_Driver/Src/stm32f4xx_hal_pwr_ex.o
LOAD ./Drivers/STM32F4xx_HAL_Driver/Src/stm32f4xx_hal_rcc.o
LOAD ./Drivers/STM32F4xx_HAL_Driver/Src/stm32f4xx_hal_rcc_ex.o
LOAD ./Drivers/STM32F4xx_HAL_Driver/Src/stm32f4xx_hal_uart.o
LOAD ./X-CUBE-AI/App/app_x-cube-ai.o
LOAD ./X-CUBE-AI/App/network.o
LOAD ./X-CUBE-AI/App/network_data.o
LOAD ./X-CUBE-AI/App/network_data_params.o
LOAD ../Middlewares/ST/AI/Lib\NetworkRuntime1020_CM4_GCC.a
START GROUP
LOAD C:/ST/STM32CubeIDE_2.1.0/STM32CubeIDE/plugins/com.st.stm32cube.ide.mcu.externaltools.gnu-tools-for-stm32.14.3.rel1.win32_1.0.100.202602081740/tools/bin/../lib/gcc/arm-none-eabi/14.3.1/../../../../arm-none-eabi/lib/thumb/v7e-m+fp/hard\libstdc++_nano.a
LOAD C:/ST/STM32CubeIDE_2.1.0/STM32CubeIDE/plugins/com.st.stm32cube.ide.mcu.externaltools.gnu-tools-for-stm32.14.3.rel1.win32_1.0.100.202602081740/tools/bin/../lib/gcc/arm-none-eabi/14.3.1/../../../../arm-none-eabi/lib/thumb/v7e-m+fp/hard\libsupc++_nano.a
END GROUP
LOAD C:/ST/STM32CubeIDE_2.1.0/STM32CubeIDE/plugins/com.st.stm32cube.ide.mcu.externaltools.gnu-tools-for-stm32.14.3.rel1.win32_1.0.100.202602081740/tools/bin/../lib/gcc/arm-none-eabi/14.3.1/../../../../arm-none-eabi/lib/thumb/v7e-m+fp/hard\libstdc++_nano.a
LOAD C:/ST/STM32CubeIDE_2.1.0/STM32CubeIDE/plugins/com.st.stm32cube.ide.mcu.externaltools.gnu-tools-for-stm32.14.3.rel1.win32_1.0.100.202602081740/tools/bin/../lib/gcc/arm-none-eabi/14.3.1/../../../../arm-none-eabi/lib/thumb/v7e-m+fp/hard\libm.a
LOAD C:/ST/STM32CubeIDE_2.1.0/STM32CubeIDE/plugins/com.st.stm32cube.ide.mcu.externaltools.gnu-tools-for-stm32.14.3.rel1.win32_1.0.100.202602081740/tools/bin/../lib/gcc/arm-none-eabi/14.3.1/../../../../arm-none-eabi/lib/thumb/v7e-m+fp/hard\libc_nano.a
START GROUP
LOAD C:/ST/STM32CubeIDE_2.1.0/STM32CubeIDE/plugins/com.st.stm32cube.ide.mcu.externaltools.gnu-tools-for-stm32.14.3.rel1.win32_1.0.100.202602081740/tools/bin/../lib/gcc/arm-none-eabi/14.3.1/thumb/v7e-m+fp/hard\libgcc.a
LOAD C:/ST/STM32CubeIDE_2.1.0/STM32CubeIDE/plugins/com.st.stm32cube.ide.mcu.externaltools.gnu-tools-for-stm32.14.3.rel1.win32_1.0.100.202602081740/tools/bin/../lib/gcc/arm-none-eabi/14.3.1/../../../../arm-none-eabi/lib/thumb/v7e-m+fp/hard\libc_nano.a
END GROUP
START GROUP
LOAD C:/ST/STM32CubeIDE_2.1.0/STM32CubeIDE/plugins/com.st.stm32cube.ide.mcu.externaltools.gnu-tools-for-stm32.14.3.rel1.win32_1.0.100.202602081740/tools/bin/../lib/gcc/arm-none-eabi/14.3.1/thumb/v7e-m+fp/hard\libgcc.a
LOAD C:/ST/STM32CubeIDE_2.1.0/STM32CubeIDE/plugins/com.st.stm32cube.ide.mcu.externaltools.gnu-tools-for-stm32.14.3.rel1.win32_1.0.100.202602081740/tools/bin/../lib/gcc/arm-none-eabi/14.3.1/../../../../arm-none-eabi/lib/thumb/v7e-m+fp/hard\libc_nano.a
LOAD C:/ST/STM32CubeIDE_2.1.0/STM32CubeIDE/plugins/com.st.stm32cube.ide.mcu.externaltools.gnu-tools-for-stm32.14.3.rel1.win32_1.0.100.202602081740/tools/bin/../lib/gcc/arm-none-eabi/14.3.1/../../../../arm-none-eabi/lib/thumb/v7e-m+fp/hard\libnosys.a
END GROUP
START GROUP
LOAD C:/ST/STM32CubeIDE_2.1.0/STM32CubeIDE/plugins/com.st.stm32cube.ide.mcu.externaltools.gnu-tools-for-stm32.14.3.rel1.win32_1.0.100.202602081740/tools/bin/../lib/gcc/arm-none-eabi/14.3.1/thumb/v7e-m+fp/hard\libgcc.a
LOAD C:/ST/STM32CubeIDE_2.1.0/STM32CubeIDE/plugins/com.st.stm32cube.ide.mcu.externaltools.gnu-tools-for-stm32.14.3.rel1.win32_1.0.100.202602081740/tools/bin/../lib/gcc/arm-none-eabi/14.3.1/../../../../arm-none-eabi/lib/thumb/v7e-m+fp/hard\libc_nano.a
LOAD C:/ST/STM32CubeIDE_2.1.0/STM32CubeIDE/plugins/com.st.stm32cube.ide.mcu.externaltools.gnu-tools-for-stm32.14.3.rel1.win32_1.0.100.202602081740/tools/bin/../lib/gcc/arm-none-eabi/14.3.1/../../../../arm-none-eabi/lib/thumb/v7e-m+fp/hard\libnosys.a
END GROUP
LOAD C:/ST/STM32CubeIDE_2.1.0/STM32CubeIDE/plugins/com.st.stm32cube.ide.mcu.externaltools.gnu-tools-for-stm32.14.3.rel1.win32_1.0.100.202602081740/tools/bin/../lib/gcc/arm-none-eabi/14.3.1/thumb/v7e-m+fp/hard/crtend.o
LOAD C:/ST/STM32CubeIDE_2.1.0/STM32CubeIDE/plugins/com.st.stm32cube.ide.mcu.externaltools.gnu-tools-for-stm32.14.3.rel1.win32_1.0.100.202602081740/tools/bin/../lib/gcc/arm-none-eabi/14.3.1/thumb/v7e-m+fp/hard/crtn.o
                0x20018000                        _estack = (ORIGIN (RAM) + LENGTH (RAM))
                0x00004000                        _Min_Heap_Size = 0x4000
                0x00004000                        _Min_Stack_Size = 0x4000

.isr_vector     0x08000000      0x194
                0x08000000                        . = ALIGN (0x4)
 *(.isr_vector)
 .isr_vector    0x08000000      0x194 ./Core/Startup/startup_stm32f401retx.o
                0x08000000                g_pfnVectors
                0x08000194                        . = ALIGN (0x4)

.text           0x08010000    0x13334
                0x08010000                        . = ALIGN (0x4)
 *(.text)
 .text          0x08010000       0x40 C:/ST/STM32CubeIDE_2.1.0/STM32CubeIDE/plugins/com.st.stm32cube.ide.mcu.externaltools.gnu-tools-for-stm32.14.3.rel1.win32_1.0.100.202602081740/tools/bin/../lib/gcc/arm-none-eabi/14.3.1/thumb/v7e-m+fp/hard/crtbegin.o
 .text          0x08010040       0xa0 C:/ST/STM32CubeIDE_2.1.0/STM32CubeIDE/plugins/com.st.stm32cube.ide.mcu.externaltools.gnu-tools-for-stm32.14.3.rel1.win32_1.0.100.202602081740/tools/bin/../lib/gcc/arm-none-eabi/14.3.1/../../../../arm-none-eabi/lib/thumb/v7e-m+fp/hard\libc_nano.a(libc_a-memchr.o)
                0x08010040                memchr
 .text          0x080100e0       0x30 C:/ST/STM32CubeIDE_2.1.0/STM32CubeIDE/plugins/com.st.stm32cube.ide.mcu.externaltools.gnu-tools-for-stm32.14.3.rel1.win32_1.0.100.202602081740/tools/bin/../lib/gcc/arm-none-eabi/14.3.1/thumb/v7e-m+fp/hard\libgcc.a(_aeabi_uldivmod.o)
                0x080100e0                __aeabi_uldivmod
 .text          0x08010110      0x2f8 C:/ST/STM32CubeIDE_2.1.0/STM32CubeIDE/plugins/com.st.stm32cube.ide.mcu.externaltools.gnu-tools-for-stm32.14.3.rel1.win32_1.0.100.202602081740/tools/bin/../lib/gcc/arm-none-eabi/14.3.1/thumb/v7e-m+fp/hard\libgcc.a(_udivmoddi4.o)
                0x08010110                __udivmoddi4
 .text          0x08010408        0x4 C:/ST/STM32CubeIDE_2.1.0/STM32CubeIDE/plugins/com.st.stm32cube.ide.mcu.externaltools.gnu-tools-for-stm32.14.3.rel1.win32_1.0.100.202602081740/tools/bin/../lib/gcc/arm-none-eabi/14.3.1/thumb/v7e-m+fp/hard\libgcc.a(_dvmd_tls.o)
                0x08010408                __aeabi_idiv0
                0x08010408                __aeabi_ldiv0
 *(.text*)
 .text.main     0x0801040c       0xc4 ./Core/Src/main.o
                0x0801040c                main
 .text._Z18SystemClock_Configv
                0x080104d0       0xec ./Core/Src/main.o
                0x080104d0                SystemClock_Config()
 .text._ZL19MX_USART2_UART_Initv
                0x080105bc       0x5c ./Core/Src/main.o
 .text._ZL12MX_GPIO_Initv
                0x08010618       0xe0 ./Core/Src/main.o
 .text.Error_Handler
                0x080106f8        0xc ./Core/Src/main.o
                0x080106f8                Error_Handler
 .text.HAL_MspInit
                0x08010704       0x50 ./Core/Src/stm32f4xx_hal_msp.o
                0x08010704                HAL_MspInit
 .text.HAL_UART_MspInit
                0x08010754       0x90 ./Core/Src/stm32f4xx_hal_msp.o
                0x08010754                HAL_UART_MspInit
 .text.NMI_Handler
                0x080107e4        0x8 ./Core/Src/stm32f4xx_it.o
                0x080107e4                NMI_Handler
 .text.HardFault_Handler
                0x080107ec        0x8 ./Core/Src/stm32f4xx_it.o
                0x080107ec                HardFault_Handler
 .text.MemManage_Handler
                0x080107f4        0x8 ./Core/Src/stm32f4xx_it.o
                0x080107f4                MemManage_Handler
 .text.BusFault_Handler
                0x080107fc        0x8 ./Core/Src/stm32f4xx_it.o
                0x080107fc                BusFault_Handler
 .text.UsageFault_Handler
                0x08010804        0x8 ./Core/Src/stm32f4xx_it.o
                0x08010804                UsageFault_Handler
 .text.SVC_Handler
                0x0801080c        0xe ./Core/Src/stm32f4xx_it.o
                0x0801080c                SVC_Handler
 .text.DebugMon_Handler
                0x0801081a        0xe ./Core/Src/stm32f4xx_it.o
                0x0801081a                DebugMon_Handler
 .text.PendSV_Handler
                0x08010828        0xe ./Core/Src/stm32f4xx_it.o
                0x08010828                PendSV_Handler
 .text.SysTick_Handler
                0x08010836        0xc ./Core/Src/stm32f4xx_it.o
                0x08010836                SysTick_Handler
 *fill*         0x08010842        0x2 
 .text._sbrk    0x08010844       0x6c ./Core/Src/sysmem.o
                0x08010844                _sbrk
 .text.SystemInit
                0x080108b0       0x24 ./Core/Src/system_stm32f4xx.o
                0x080108b0                SystemInit
 .text.Reset_Handler
                0x080108d4       0x50 ./Core/Startup/startup_stm32f401retx.o
                0x080108d4                Reset_Handler
 .text.Default_Handler
                0x08010924        0x2 ./Core/Startup/startup_stm32f401retx.o
                0x08010924                RTC_Alarm_IRQHandler
                0x08010924                EXTI2_IRQHandler
                0x08010924                SPI4_IRQHandler
                0x08010924                TIM1_CC_IRQHandler
                0x08010924                DMA2_Stream5_IRQHandler
                0x08010924                DMA1_Stream5_IRQHandler
                0x08010924                PVD_IRQHandler
                0x08010924                SDIO_IRQHandler
                0x08010924                TAMP_STAMP_IRQHandler
                0x08010924                EXTI3_IRQHandler
                0x08010924                TIM1_UP_TIM10_IRQHandler
                0x08010924                I2C3_ER_IRQHandler
                0x08010924                EXTI0_IRQHandler
                0x08010924                I2C2_EV_IRQHandler
                0x08010924                DMA1_Stream2_IRQHandler
                0x08010924                FPU_IRQHandler
                0x08010924                DMA2_Stream2_IRQHandler
                0x08010924                SPI1_IRQHandler
                0x08010924                TIM1_BRK_TIM9_IRQHandler
                0x08010924                DMA2_Stream3_IRQHandler
                0x08010924                USART6_IRQHandler
                0x08010924                DMA2_Stream0_IRQHandler
                0x08010924                TIM4_IRQHandler
                0x08010924                I2C1_EV_IRQHandler
                0x08010924                DMA1_Stream6_IRQHandler
                0x08010924                DMA1_Stream1_IRQHandler
                0x08010924                TIM3_IRQHandler
                0x08010924                RCC_IRQHandler
                0x08010924                Default_Handler
                0x08010924                EXTI15_10_IRQHandler
                0x08010924                ADC_IRQHandler
                0x08010924                DMA1_Stream7_IRQHandler
                0x08010924                TIM5_IRQHandler
                0x08010924                DMA2_Stream7_IRQHandler
                0x08010924                I2C3_EV_IRQHandler
                0x08010924                EXTI9_5_IRQHandler
                0x08010924                RTC_WKUP_IRQHandler
                0x08010924                SPI2_IRQHandler
                0x08010924                DMA1_Stream0_IRQHandler
                0x08010924                EXTI4_IRQHandler
                0x08010924                WWDG_IRQHandler
                0x08010924                TIM2_IRQHandler
                0x08010924                OTG_FS_WKUP_IRQHandler
                0x08010924                TIM1_TRG_COM_TIM11_IRQHandler
                0x08010924                EXTI1_IRQHandler
                0x08010924                USART2_IRQHandler
                0x08010924                I2C2_ER_IRQHandler
                0x08010924                DMA2_Stream1_IRQHandler
                0x08010924                FLASH_IRQHandler
                0x08010924                DMA2_Stream4_IRQHandler
                0x08010924                USART1_IRQHandler
                0x08010924                OTG_FS_IRQHandler
                0x08010924                SPI3_IRQHandler
                0x08010924                DMA1_Stream4_IRQHandler
                0x08010924                I2C1_ER_IRQHandler
                0x08010924                DMA2_Stream6_IRQHandler
                0x08010924                DMA1_Stream3_IRQHandler
 *fill*         0x08010926        0x2 
 .text.HAL_Init
                0x08010928       0x44 ./Drivers/STM32F4xx_HAL_Driver/Src/stm32f4xx_hal.o
                0x08010928                HAL_Init
 .text.HAL_InitTick
                0x0801096c       0x60 ./Drivers/STM32F4xx_HAL_Driver/Src/stm32f4xx_hal.o
                0x0801096c                HAL_InitTick
 .text.HAL_IncTick
                0x080109cc       0x28 ./Drivers/STM32F4xx_HAL_Driver/Src/stm32f4xx_hal.o
                0x080109cc                HAL_IncTick
 .text.HAL_GetTick
                0x080109f4       0x18 ./Drivers/STM32F4xx_HAL_Driver/Src/stm32f4xx_hal.o
                0x080109f4                HAL_GetTick
 .text.HAL_Delay
                0x08010a0c       0x48 ./Drivers/STM32F4xx_HAL_Driver/Src/stm32f4xx_hal.o
                0x08010a0c                HAL_Delay
 .text.__NVIC_SetPriorityGrouping
                0x08010a54       0x48 ./Drivers/STM32F4xx_HAL_Driver/Src/stm32f4xx_hal_cortex.o
 .text.__NVIC_GetPriorityGrouping
                0x08010a9c       0x1c ./Drivers/STM32F4xx_HAL_Driver/Src/stm32f4xx_hal_cortex.o
 .text.__NVIC_SetPriority
                0x08010ab8       0x54 ./Drivers/STM32F4xx_HAL_Driver/Src/stm32f4xx_hal_cortex.o
 .text.NVIC_EncodePriority
                0x08010b0c       0x66 ./Drivers/STM32F4xx_HAL_Driver/Src/stm32f4xx_hal_cortex.o
 *fill*         0x08010b72        0x2 
 .text.SysTick_Config
                0x08010b74       0x44 ./Drivers/STM32F4xx_HAL_Driver/Src/stm32f4xx_hal_cortex.o
 .text.HAL_NVIC_SetPriorityGrouping
                0x08010bb8       0x16 ./Drivers/STM32F4xx_HAL_Driver/Src/stm32f4xx_hal_cortex.o
                0x08010bb8                HAL_NVIC_SetPriorityGrouping
 .text.HAL_NVIC_SetPriority
                0x08010bce       0x38 ./Drivers/STM32F4xx_HAL_Driver/Src/stm32f4xx_hal_cortex.o
                0x08010bce                HAL_NVIC_SetPriority
 .text.HAL_SYSTICK_Config
                0x08010c06       0x18 ./Drivers/STM32F4xx_HAL_Driver/Src/stm32f4xx_hal_cortex.o
                0x08010c06                HAL_SYSTICK_Config
 *fill*         0x08010c1e        0x2 
 .text.HAL_GPIO_Init
                0x08010c20      0x308 ./Drivers/STM32F4xx_HAL_Driver/Src/stm32f4xx_hal_gpio.o
                0x08010c20                HAL_GPIO_Init
 .text.HAL_GPIO_WritePin
                0x08010f28       0x32 ./Drivers/STM32F4xx_HAL_Driver/Src/stm32f4xx_hal_gpio.o
                0x08010f28                HAL_GPIO_WritePin
 *fill*         0x08010f5a        0x2 
 .text.HAL_RCC_OscConfig
                0x08010f5c      0x4f0 ./Drivers/STM32F4xx_HAL_Driver/Src/stm32f4xx_hal_rcc.o
                0x08010f5c                HAL_RCC_OscConfig
 .text.HAL_RCC_ClockConfig
                0x0801144c      0x1cc ./Drivers/STM32F4xx_HAL_Driver/Src/stm32f4xx_hal_rcc.o
                0x0801144c                HAL_RCC_ClockConfig
 .text.HAL_RCC_GetSysClockFreq
                0x08011618      0x20c ./Drivers/STM32F4xx_HAL_Driver/Src/stm32f4xx_hal_rcc.o
                0x08011618                HAL_RCC_GetSysClockFreq
 .text.HAL_RCC_GetHCLKFreq
                0x08011824       0x18 ./Drivers/STM32F4xx_HAL_Driver/Src/stm32f4xx_hal_rcc.o
                0x08011824                HAL_RCC_GetHCLKFreq
 .text.HAL_RCC_GetPCLK1Freq
                0x0801183c       0x28 ./Drivers/STM32F4xx_HAL_Driver/Src/stm32f4xx_hal_rcc.o
                0x0801183c                HAL_RCC_GetPCLK1Freq
 .text.HAL_RCC_GetPCLK2Freq
                0x08011864       0x28 ./Drivers/STM32F4xx_HAL_Driver/Src/stm32f4xx_hal_rcc.o
                0x08011864                HAL_RCC_GetPCLK2Freq
 .text.HAL_UART_Init
                0x0801188c       0xa0 ./Drivers/STM32F4xx_HAL_Driver/Src/stm32f4xx_hal_uart.o
                0x0801188c                HAL_UART_Init
 .text.HAL_UART_Receive
                0x0801192c      0x12e ./Drivers/STM32F4xx_HAL_Driver/Src/stm32f4xx_hal_uart.o
                0x0801192c                HAL_UART_Receive
 .text.UART_WaitOnFlagUntilTimeout
                0x08011a5a       0xb2 ./Drivers/STM32F4xx_HAL_Driver/Src/stm32f4xx_hal_uart.o
 .text.UART_EndRxTransfer
                0x08011b0c       0xc6 ./Drivers/STM32F4xx_HAL_Driver/Src/stm32f4xx_hal_uart.o
 *fill*         0x08011bd2        0x2 
 .text.UART_SetConfig
                0x08011bd4      0x4e8 ./Drivers/STM32F4xx_HAL_Driver/Src/stm32f4xx_hal_uart.o
 .text.ai_log_err
                0x080120bc       0x44 ./X-CUBE-AI/App/app_x-cube-ai.o
 .text.ai_boostrap
                0x08012100       0xc8 ./X-CUBE-AI/App/app_x-cube-ai.o
 .text.ai_run   0x080121c8       0x54 ./X-CUBE-AI/App/app_x-cube-ai.o
 .text.MX_X_CUBE_AI_Init
                0x0801221c       0x1c ./X-CUBE-AI/App/app_x-cube-ai.o
                0x0801221c                MX_X_CUBE_AI_Init
 .text.MX_X_CUBE_AI_Process_Audio
                0x08012238       0x80 ./X-CUBE-AI/App/app_x-cube-ai.o
                0x08012238                MX_X_CUBE_AI_Process_Audio
 .text.network_configure_activations
                0x080122b8      0x198 ./X-CUBE-AI/App/network.o
 .text.network_configure_weights
                0x08012450      0x18c ./X-CUBE-AI/App/network.o
 .text.ai_network_get_error
                0x080125dc       0x18 ./X-CUBE-AI/App/network.o
                0x080125dc                ai_network_get_error
 .text.ai_network_create
                0x080125f4       0x2c ./X-CUBE-AI/App/network.o
                0x080125f4                ai_network_create
 .text.ai_network_create_and_init
                0x08012620       0xfc ./X-CUBE-AI/App/network.o
                0x08012620                ai_network_create_and_init
 .text.ai_network_inputs_get
                0x0801271c       0x34 ./X-CUBE-AI/App/network.o
                0x0801271c                ai_network_inputs_get
 .text.ai_network_outputs_get
                0x08012750       0x34 ./X-CUBE-AI/App/network.o
                0x08012750                ai_network_outputs_get
 .text.ai_network_init
                0x08012784       0x78 ./X-CUBE-AI/App/network.o
                0x08012784                ai_network_init
 .text.ai_network_run
                0x080127fc       0x20 ./X-CUBE-AI/App/network.o
                0x080127fc                ai_network_run
 .text.ai_network_data_params_get
                0x0801281c       0x50 ./X-CUBE-AI/App/network_data.o
                0x0801281c                ai_network_data_params_get
 .text.ai_buffer_get_size
                0x0801286c       0x64 ../Middlewares/ST/AI/Lib\NetworkRuntime1020_CM4_GCC.a(ai_platform.o)
                0x0801286c                ai_buffer_get_size
 .text.ai_buffer_array_sane
                0x080128d0       0x14 ../Middlewares/ST/AI/Lib\NetworkRuntime1020_CM4_GCC.a(ai_platform.o)
                0x080128d0                ai_buffer_array_sane
 .text.ai_buffer_array_item_set_address
                0x080128e4       0x1c ../Middlewares/ST/AI/Lib\NetworkRuntime1020_CM4_GCC.a(ai_platform.o)
                0x080128e4                ai_buffer_array_item_set_address
 .text.ai_platform_get_weights_map
                0x08012900       0xa4 ../Middlewares/ST/AI/Lib\NetworkRuntime1020_CM4_GCC.a(ai_platform_interface.o)
                0x08012900                ai_platform_get_weights_map
 .text.ai_platform_get_activations_map
                0x080129a4       0xa8 ../Middlewares/ST/AI/Lib\NetworkRuntime1020_CM4_GCC.a(ai_platform_interface.o)
                0x080129a4                ai_platform_get_activations_map
 .text.ai_platform_bind_network_params
                0x08012a4c       0x44 ../Middlewares/ST/AI/Lib\NetworkRuntime1020_CM4_GCC.a(ai_platform_interface.o)
                0x08012a4c                ai_platform_bind_network_params
 .text.ai_platform_network_get_error
                0x08012a90       0x18 ../Middlewares/ST/AI/Lib\NetworkRuntime1020_CM4_GCC.a(ai_platform_interface.o)
                0x08012a90                ai_platform_network_get_error
 .text.ai_platform_network_set_error
                0x08012aa8        0xc ../Middlewares/ST/AI/Lib\NetworkRuntime1020_CM4_GCC.a(ai_platform_interface.o)
                0x08012aa8                ai_platform_network_set_error
 .text.ai_platform_inputs_get
                0x08012ab4       0xec ../Middlewares/ST/AI/Lib\NetworkRuntime1020_CM4_GCC.a(ai_platform_interface.o)
                0x08012ab4                ai_platform_inputs_get
 .text.ai_platform_outputs_get
                0x08012ba0       0xe4 ../Middlewares/ST/AI/Lib\NetworkRuntime1020_CM4_GCC.a(ai_platform_interface.o)
                0x08012ba0                ai_platform_outputs_get
 .text.ai_platform_network_create
                0x08012c84       0x84 ../Middlewares/ST/AI/Lib\NetworkRuntime1020_CM4_GCC.a(ai_platform_interface.o)
                0x08012c84                ai_platform_network_create
 .text.ai_platform_network_init
                0x08012d08      0x130 ../Middlewares/ST/AI/Lib\NetworkRuntime1020_CM4_GCC.a(ai_platform_interface.o)
                0x08012d08                ai_platform_network_init
 .text.ai_platform_network_post_init
                0x08012e38       0x5c ../Middlewares/ST/AI/Lib\NetworkRuntime1020_CM4_GCC.a(ai_platform_interface.o)
                0x08012e38                ai_platform_network_post_init
 .text.ai_platform_network_process
                0x08012e94      0x438 ../Middlewares/ST/AI/Lib\NetworkRuntime1020_CM4_GCC.a(ai_platform_interface.o)
                0x08012e94                ai_platform_network_process
 .text.core_init
                0x080132cc        0x4 ../Middlewares/ST/AI/Lib\NetworkRuntime1020_CM4_GCC.a(core_common.o)
                0x080132cc                core_init
 .text.core_get_error
                0x080132d0        0xc ../Middlewares/ST/AI/Lib\NetworkRuntime1020_CM4_GCC.a(core_common.o)
                0x080132d0                core_get_error
 .text.core_set_error
                0x080132dc       0x18 ../Middlewares/ST/AI/Lib\NetworkRuntime1020_CM4_GCC.a(core_common.o)
                0x080132dc                core_set_error
 .text.ai_check_custom_types
                0x080132f4       0x54 ../Middlewares/ST/AI/Lib\NetworkRuntime1020_CM4_GCC.a(layers.o)
                0x080132f4                ai_check_custom_types
 .text.ai_layers_init_all
                0x08013348       0x20 ../Middlewares/ST/AI/Lib\NetworkRuntime1020_CM4_GCC.a(layers.o)
                0x08013348                ai_layers_init_all
 .text.ai_layers_post_init_all
                0x08013368       0x3c ../Middlewares/ST/AI/Lib\NetworkRuntime1020_CM4_GCC.a(layers.o)
                0x08013368                ai_layers_post_init_all
 .text.ai_layers_forward_all
                0x080133a4       0x90 ../Middlewares/ST/AI/Lib\NetworkRuntime1020_CM4_GCC.a(layers.o)
                0x080133a4                ai_layers_forward_all
 .text.func_dummy
                0x08013434        0x4 ../Middlewares/ST/AI/Lib\NetworkRuntime1020_CM4_GCC.a(layers_conv2d_sssa8_ch.o)
 .text.forward_conv2d_deep_3x3_sssa8_ch_nl_pool
                0x08013438      0x4ac ../Middlewares/ST/AI/Lib\NetworkRuntime1020_CM4_GCC.a(layers_conv2d_sssa8_ch.o)
                0x08013438                forward_conv2d_deep_3x3_sssa8_ch_nl_pool
 .text.forward_conv2d_sssa8_ch_nl_pool
                0x080138e4      0x514 ../Middlewares/ST/AI/Lib\NetworkRuntime1020_CM4_GCC.a(layers_conv2d_sssa8_ch.o)
                0x080138e4                forward_conv2d_sssa8_ch_nl_pool
 .text.forward_dense_integer_SSSA_ch
                0x08013df8      0x200 ../Middlewares/ST/AI/Lib\NetworkRuntime1020_CM4_GCC.a(layers_conv2d_stm32_integer.o)
                0x08013df8                forward_dense_integer_SSSA_ch
 .text.forward_sm_integer
                0x08013ff8       0xc4 ../Middlewares/ST/AI/Lib\NetworkRuntime1020_CM4_GCC.a(layers_nl_stm32_integer.o)
                0x08013ff8                forward_sm_integer
 .text.pool_func_mp_array_integer_INT8
                0x080140bc      0x1b0 ../Middlewares/ST/AI/Lib\NetworkRuntime1020_CM4_GCC.a(layers_pool_stm32_integer.o)
                0x080140bc                pool_func_mp_array_integer_INT8
 .text.forward_upsample_bilinear_is8os8
                0x0801426c       0x60 ../Middlewares/ST/AI/Lib\NetworkRuntime1020_CM4_GCC.a(layers_upsample.o)
                0x0801426c                forward_upsample_bilinear_is8os8
 .text.forward_lite_dense_is8os8ws8_ch
                0x080142cc       0x7c ../Middlewares/ST/AI/Lib\NetworkRuntime1020_CM4_GCC.a(forward_lite_dense_is8os8ws8_ch.o)
                0x080142cc                forward_lite_dense_is8os8ws8_ch
 .text.forward_lite_maxpool_is8os8_scalepos
                0x08014348      0x1c8 ../Middlewares/ST/AI/Lib\NetworkRuntime1020_CM4_GCC.a(forward_lite_maxpool_is8os8_scalepos.o)
                0x08014348                forward_lite_maxpool_is8os8_scalepos
 .text.forward_lite_conv2d_deep_3x3_sssa8_ch
                0x08014510      0x13c ../Middlewares/ST/AI/Lib\NetworkRuntime1020_CM4_GCC.a(forward_lite_conv2d_sssa8_ch.o)
                0x08014510                forward_lite_conv2d_deep_3x3_sssa8_ch
 .text.forward_lite_conv2d_sssa8_ch
                0x0801464c      0xa3c ../Middlewares/ST/AI/Lib\NetworkRuntime1020_CM4_GCC.a(forward_lite_conv2d_sssa8_ch.o)
                0x0801464c                forward_lite_conv2d_sssa8_ch
 .text.forward_lite_maxpool_is8os8_scaleneg
                0x08015088      0x1c4 ../Middlewares/ST/AI/Lib\NetworkRuntime1020_CM4_GCC.a(forward_lite_maxpool_is8os8.o)
                0x08015088                forward_lite_maxpool_is8os8_scaleneg
 .text.forward_lite_upsample_bilinear_is8os8
                0x0801524c      0x1ac ../Middlewares/ST/AI/Lib\NetworkRuntime1020_CM4_GCC.a(forward_lite_upsample.o)
                0x0801524c                forward_lite_upsample_bilinear_is8os8
 .text.forward_lite_nl_softmax_is8os8
                0x080153f8       0x14 ../Middlewares/ST/AI/Lib\NetworkRuntime1020_CM4_GCC.a(lite_nl_generic_integer.o)
                0x080153f8                forward_lite_nl_softmax_is8os8
 .text.forward_lite_nl_softmax_iu8ou8
                0x0801540c       0x14 ../Middlewares/ST/AI/Lib\NetworkRuntime1020_CM4_GCC.a(lite_nl_generic_integer.o)
                0x0801540c                forward_lite_nl_softmax_iu8ou8
 .text.align_factor_ch
                0x08015420       0x60 ../Middlewares/ST/AI/Lib\NetworkRuntime1020_CM4_GCC.a(st_align_factor.o)
                0x08015420                align_factor_ch
 .text.st_int8_to16_no_shift
                0x08015480       0xc4 ../Middlewares/ST/AI/Lib\NetworkRuntime1020_CM4_GCC.a(st_int8_to16_no_shift.o)
                0x08015480                st_int8_to16_no_shift
 .text.st_int8_to16_no_shift_interleaved
                0x08015544       0x84 ../Middlewares/ST/AI/Lib\NetworkRuntime1020_CM4_GCC.a(st_int8_to16_no_shift.o)
                0x08015544                st_int8_to16_no_shift_interleaved
 .text.st_int8_to16_dual
                0x080155c8      0x1d8 ../Middlewares/ST/AI/Lib\NetworkRuntime1020_CM4_GCC.a(st_int8_to16_no_shift.o)
                0x080155c8                st_int8_to16_dual
 .text.st_int8_to16_dual_interleaved
                0x080157a0      0x174 ../Middlewares/ST/AI/Lib\NetworkRuntime1020_CM4_GCC.a(st_int8_to16_no_shift.o)
                0x080157a0                st_int8_to16_dual_interleaved
 .text.ai_padding_opt_init
                0x08015914       0xb0 ../Middlewares/ST/AI/Lib\NetworkRuntime1020_CM4_GCC.a(st_padding_opt.o)
                0x08015914                ai_padding_opt_init
 .text.ai_padding_opt_phase1
                0x080159c4       0x34 ../Middlewares/ST/AI/Lib\NetworkRuntime1020_CM4_GCC.a(st_padding_opt.o)
                0x080159c4                ai_padding_opt_phase1
 .text.st_int16_fill
                0x080159f8       0x40 ../Middlewares/ST/AI/Lib\NetworkRuntime1020_CM4_GCC.a(st_int16_fill.o)
                0x080159f8                st_int16_fill
 .text.st_sssa8_ch_convolve_rank1upd
                0x08015a38      0x128 ../Middlewares/ST/AI/Lib\NetworkRuntime1020_CM4_GCC.a(st_sssa8_ch_convolve.o)
                0x08015a38                st_sssa8_ch_convolve_rank1upd
 .text.st_sssa8_ch_fully_connected
                0x08015b60      0x514 ../Middlewares/ST/AI/Lib\NetworkRuntime1020_CM4_GCC.a(st_sssa8_ch_dense.o)
                0x08015b60                st_sssa8_ch_fully_connected
 .text.st_int8_copy
                0x08016074      0x13c ../Middlewares/ST/AI/Lib\NetworkRuntime1020_CM4_GCC.a(st_int8_fill.o)
                0x08016074                st_int8_copy
 .text.st_int8_reordered_no_shift_zero
                0x080161b0       0x68 ../Middlewares/ST/AI/Lib\NetworkRuntime1020_CM4_GCC.a(st_int8_reordered_no_shift.o)
                0x080161b0                st_int8_reordered_no_shift_zero
 .text.st_sssa8_ch_nn_mat_mult_kernel_single_opt
                0x08016218      0x344 ../Middlewares/ST/AI/Lib\NetworkRuntime1020_CM4_GCC.a(st_sssa8_ch_nn_mat_mult_kernel_single_opt.o)
                0x08016218                st_sssa8_ch_nn_mat_mult_kernel_single_opt
 *fill*         0x0801655c     0x9aa4 
 .text.st_sssa8_ch_nn_mat_mult_deep_conv2d_3x3
                0x08020000      0xb30 ../Middlewares/ST/AI/Lib\NetworkRuntime1020_CM4_GCC.a(st_sssa8_ch_nn_mat_mult_deep_conv2d_3x3.o)
                0x08020000                st_sssa8_ch_nn_mat_mult_deep_conv2d_3x3
 .text.st_sssa8_ch_nn_mat_mult_kernel_opt
                0x08020b30      0x33c ../Middlewares/ST/AI/Lib\NetworkRuntime1020_CM4_GCC.a(st_sssa8_ch_nn_mat_mult_kernel_opt.o)
                0x08020b30                st_sssa8_ch_nn_mat_mult_kernel_opt
 .text.ai_array_to_buffer_fmt
                0x08020e6c       0xe0 ../Middlewares/ST/AI/Lib\NetworkRuntime1020_CM4_GCC.a(ai_datatypes_format.o)
                0x08020e6c                ai_array_to_buffer_fmt
 .text.ai_array_get_byte_size
                0x08020f4c       0x3c ../Middlewares/ST/AI/Lib\NetworkRuntime1020_CM4_GCC.a(ai_datatypes_format.o)
                0x08020f4c                ai_array_get_byte_size
 .text.ai_array_get_data_byte_size
                0x08020f88       0x24 ../Middlewares/ST/AI/Lib\NetworkRuntime1020_CM4_GCC.a(ai_datatypes_format.o)
                0x08020f88                ai_array_get_data_byte_size
 .text.ai_version_get
                0x08020fac        0xc ../Middlewares/ST/AI/Lib\NetworkRuntime1020_CM4_GCC.a(ai_datatypes_internal.o)
                0x08020fac                ai_version_get
 .text.get_tensor_byte_size
                0x08020fb8       0x30 ../Middlewares/ST/AI/Lib\NetworkRuntime1020_CM4_GCC.a(ai_datatypes_internal.o)
                0x08020fb8                get_tensor_byte_size
 .text.core_tensor_clone
                0x08020fe8       0x64 ../Middlewares/ST/AI/Lib\NetworkRuntime1020_CM4_GCC.a(core_utils.o)
                0x08020fe8                core_tensor_clone
 .text.core_array_clone
                0x0802104c        0xc ../Middlewares/ST/AI/Lib\NetworkRuntime1020_CM4_GCC.a(core_utils.o)
                0x0802104c                core_array_clone
 .text._lite_kernel_nl_softmax_is8os8
                0x08021058      0xaa8 ../Middlewares/ST/AI/Lib\NetworkRuntime1020_CM4_GCC.a(lite_nl_softmax_is8os8.o)
                0x08021058                _lite_kernel_nl_softmax_is8os8
 .text._lite_kernel_nl_softmax_iu8ou8
                0x08021b00      0x7d0 ../Middlewares/ST/AI/Lib\NetworkRuntime1020_CM4_GCC.a(lite_nl_softmax_iu8ou8.o)
                0x08021b00                _lite_kernel_nl_softmax_iu8ou8
 .text.lite_bilinear_is8os8_kernel
                0x080222d0       0xbc ../Middlewares/ST/AI/Lib\NetworkRuntime1020_CM4_GCC.a(lite_bilinear_kernel.o)
                0x080222d0                lite_bilinear_is8os8_kernel
 .text.sbrk_aligned
                0x0802238c       0x44 C:/ST/STM32CubeIDE_2.1.0/STM32CubeIDE/plugins/com.st.stm32cube.ide.mcu.externaltools.gnu-tools-for-stm32.14.3.rel1.win32_1.0.100.202602081740/tools/bin/../lib/gcc/arm-none-eabi/14.3.1/../../../../arm-none-eabi/lib/thumb/v7e-m+fp/hard\libc_nano.a(libc_a-mallocr.o)
 .text._malloc_r
                0x080223d0      0x100 C:/ST/STM32CubeIDE_2.1.0/STM32CubeIDE/plugins/com.st.stm32cube.ide.mcu.externaltools.gnu-tools-for-stm32.14.3.rel1.win32_1.0.100.202602081740/tools/bin/../lib/gcc/arm-none-eabi/14.3.1/../../../../arm-none-eabi/lib/thumb/v7e-m+fp/hard\libc_nano.a(libc_a-mallocr.o)
                0x080223d0                _malloc_r
 .text.__malloc_lock
                0x080224d0        0xc C:/ST/STM32CubeIDE_2.1.0/STM32CubeIDE/plugins/com.st.stm32cube.ide.mcu.externaltools.gnu-tools-for-stm32.14.3.rel1.win32_1.0.100.202602081740/tools/bin/../lib/gcc/arm-none-eabi/14.3.1/../../../../arm-none-eabi/lib/thumb/v7e-m+fp/hard\libc_nano.a(libc_a-mlock.o)
                0x080224d0                __malloc_lock
 .text.__malloc_unlock
                0x080224dc        0xc C:/ST/STM32CubeIDE_2.1.0/STM32CubeIDE/plugins/com.st.stm32cube.ide.mcu.externaltools.gnu-tools-for-stm32.14.3.rel1.win32_1.0.100.202602081740/tools/bin/../lib/gcc/arm-none-eabi/14.3.1/../../../../arm-none-eabi/lib/thumb/v7e-m+fp/hard\libc_nano.a(libc_a-mlock.o)
                0x080224dc                __malloc_unlock
 .text.std      0x080224e8       0x6c C:/ST/STM32CubeIDE_2.1.0/STM32CubeIDE/plugins/com.st.stm32cube.ide.mcu.externaltools.gnu-tools-for-stm32.14.3.rel1.win32_1.0.100.202602081740/tools/bin/../lib/gcc/arm-none-eabi/14.3.1/../../../../arm-none-eabi/lib/thumb/v7e-m+fp/hard\libc_nano.a(libc_a-findfp.o)
 .text.stdio_exit_handler
                0x08022554       0x18 C:/ST/STM32CubeIDE_2.1.0/STM32CubeIDE/plugins/com.st.stm32cube.ide.mcu.externaltools.gnu-tools-for-stm32.14.3.rel1.win32_1.0.100.202602081740/tools/bin/../lib/gcc/arm-none-eabi/14.3.1/../../../../arm-none-eabi/lib/thumb/v7e-m+fp/hard\libc_nano.a(libc_a-findfp.o)
 .text.cleanup_stdio
                0x0802256c       0x40 C:/ST/STM32CubeIDE_2.1.0/STM32CubeIDE/plugins/com.st.stm32cube.ide.mcu.externaltools.gnu-tools-for-stm32.14.3.rel1.win32_1.0.100.202602081740/tools/bin/../lib/gcc/arm-none-eabi/14.3.1/../../../../arm-none-eabi/lib/thumb/v7e-m+fp/hard\libc_nano.a(libc_a-findfp.o)
 .text.global_stdio_init.part.0
                0x080225ac       0x40 C:/ST/STM32CubeIDE_2.1.0/STM32CubeIDE/plugins/com.st.stm32cube.ide.mcu.externaltools.gnu-tools-for-stm32.14.3.rel1.win32_1.0.100.202602081740/tools/bin/../lib/gcc/arm-none-eabi/14.3.1/../../../../arm-none-eabi/lib/thumb/v7e-m+fp/hard\libc_nano.a(libc_a-findfp.o)
 .text.__sfp_lock_acquire
                0x080225ec        0xc C:/ST/STM32CubeIDE_2.1.0/STM32CubeIDE/plugins/com.st.stm32cube.ide.mcu.externaltools.gnu-tools-for-stm32.14.3.rel1.win32_1.0.100.202602081740/tools/bin/../lib/gcc/arm-none-eabi/14.3.1/../../../../arm-none-eabi/lib/thumb/v7e-m+fp/hard\libc_nano.a(libc_a-findfp.o)
                0x080225ec                __sfp_lock_acquire
 .text.__sfp_lock_release
                0x080225f8        0xc C:/ST/STM32CubeIDE_2.1.0/STM32CubeIDE/plugins/com.st.stm32cube.ide.mcu.externaltools.gnu-tools-for-stm32.14.3.rel1.win32_1.0.100.202602081740/tools/bin/../lib/gcc/arm-none-eabi/14.3.1/../../../../arm-none-eabi/lib/thumb/v7e-m+fp/hard\libc_nano.a(libc_a-findfp.o)
                0x080225f8                __sfp_lock_release
 .text.__sinit  0x08022604       0x30 C:/ST/STM32CubeIDE_2.1.0/STM32CubeIDE/plugins/com.st.stm32cube.ide.mcu.externaltools.gnu-tools-for-stm32.14.3.rel1.win32_1.0.100.202602081740/tools/bin/../lib/gcc/arm-none-eabi/14.3.1/../../../../arm-none-eabi/lib/thumb/v7e-m+fp/hard\libc_nano.a(libc_a-findfp.o)
                0x08022604                __sinit
 .text._fwalk_sglue
                0x08022634       0x3c C:/ST/STM32CubeIDE_2.1.0/STM32CubeIDE/plugins/com.st.stm32cube.ide.mcu.externaltools.gnu-tools-for-stm32.14.3.rel1.win32_1.0.100.202602081740/tools/bin/../lib/gcc/arm-none-eabi/14.3.1/../../../../arm-none-eabi/lib/thumb/v7e-m+fp/hard\libc_nano.a(libc_a-fwalk.o)
                0x08022634                _fwalk_sglue
 .text.printf   0x08022670       0x24 C:/ST/STM32CubeIDE_2.1.0/STM32CubeIDE/plugins/com.st.stm32cube.ide.mcu.externaltools.gnu-tools-for-stm32.14.3.rel1.win32_1.0.100.202602081740/tools/bin/../lib/gcc/arm-none-eabi/14.3.1/../../../../arm-none-eabi/lib/thumb/v7e-m+fp/hard\libc_nano.a(libc_a-printf.o)
                0x08022670                iprintf
                0x08022670                printf
 .text._puts_r  0x08022694       0xaa C:/ST/STM32CubeIDE_2.1.0/STM32CubeIDE/plugins/com.st.stm32cube.ide.mcu.externaltools.gnu-tools-for-stm32.14.3.rel1.win32_1.0.100.202602081740/tools/bin/../lib/gcc/arm-none-eabi/14.3.1/../../../../arm-none-eabi/lib/thumb/v7e-m+fp/hard\libc_nano.a(libc_a-puts.o)
                0x08022694                _puts_r
 *fill*         0x0802273e        0x2 
 .text.puts     0x08022740       0x10 C:/ST/STM32CubeIDE_2.1.0/STM32CubeIDE/plugins/com.st.stm32cube.ide.mcu.externaltools.gnu-tools-for-stm32.14.3.rel1.win32_1.0.100.202602081740/tools/bin/../lib/gcc/arm-none-eabi/14.3.1/../../../../arm-none-eabi/lib/thumb/v7e-m+fp/hard\libc_nano.a(libc_a-puts.o)
                0x08022740                puts
 .text.__sread  0x08022750       0x22 C:/ST/STM32CubeIDE_2.1.0/STM32CubeIDE/plugins/com.st.stm32cube.ide.mcu.externaltools.gnu-tools-for-stm32.14.3.rel1.win32_1.0.100.202602081740/tools/bin/../lib/gcc/arm-none-eabi/14.3.1/../../../../arm-none-eabi/lib/thumb/v7e-m+fp/hard\libc_nano.a(libc_a-stdio.o)
                0x08022750                __sread
 .text.__swrite
                0x08022772       0x38 C:/ST/STM32CubeIDE_2.1.0/STM32CubeIDE/plugins/com.st.stm32cube.ide.mcu.externaltools.gnu-tools-for-stm32.14.3.rel1.win32_1.0.100.202602081740/tools/bin/../lib/gcc/arm-none-eabi/14.3.1/../../../../arm-none-eabi/lib/thumb/v7e-m+fp/hard\libc_nano.a(libc_a-stdio.o)
                0x08022772                __swrite
 .text.__sseek  0x080227aa       0x26 C:/ST/STM32CubeIDE_2.1.0/STM32CubeIDE/plugins/com.st.stm32cube.ide.mcu.externaltools.gnu-tools-for-stm32.14.3.rel1.win32_1.0.100.202602081740/tools/bin/../lib/gcc/arm-none-eabi/14.3.1/../../../../arm-none-eabi/lib/thumb/v7e-m+fp/hard\libc_nano.a(libc_a-stdio.o)
                0x080227aa                __sseek
 .text.__sclose
                0x080227d0        0x8 C:/ST/STM32CubeIDE_2.1.0/STM32CubeIDE/plugins/com.st.stm32cube.ide.mcu.externaltools.gnu-tools-for-stm32.14.3.rel1.win32_1.0.100.202602081740/tools/bin/../lib/gcc/arm-none-eabi/14.3.1/../../../../arm-none-eabi/lib/thumb/v7e-m+fp/hard\libc_nano.a(libc_a-stdio.o)
                0x080227d0                __sclose
 .text.__swbuf_r
                0x080227d8       0x7c C:/ST/STM32CubeIDE_2.1.0/STM32CubeIDE/plugins/com.st.stm32cube.ide.mcu.externaltools.gnu-tools-for-stm32.14.3.rel1.win32_1.0.100.202602081740/tools/bin/../lib/gcc/arm-none-eabi/14.3.1/../../../../arm-none-eabi/lib/thumb/v7e-m+fp/hard\libc_nano.a(libc_a-wbuf.o)
                0x080227d8                __swbuf_r
 .text.__swsetup_r
                0x08022854       0xa8 C:/ST/STM32CubeIDE_2.1.0/STM32CubeIDE/plugins/com.st.stm32cube.ide.mcu.externaltools.gnu-tools-for-stm32.14.3.rel1.win32_1.0.100.202602081740/tools/bin/../lib/gcc/arm-none-eabi/14.3.1/../../../../arm-none-eabi/lib/thumb/v7e-m+fp/hard\libc_nano.a(libc_a-wsetup.o)
                0x08022854                __swsetup_r
 .text.memset   0x080228fc       0x10 C:/ST/STM32CubeIDE_2.1.0/STM32CubeIDE/plugins/com.st.stm32cube.ide.mcu.externaltools.gnu-tools-for-stm32.14.3.rel1.win32_1.0.100.202602081740/tools/bin/../lib/gcc/arm-none-eabi/14.3.1/../../../../arm-none-eabi/lib/thumb/v7e-m+fp/hard\libc_nano.a(libc_a-memset.o)
                0x080228fc                memset
 .text._close_r
                0x0802290c       0x20 C:/ST/STM32CubeIDE_2.1.0/STM32CubeIDE/plugins/com.st.stm32cube.ide.mcu.externaltools.gnu-tools-for-stm32.14.3.rel1.win32_1.0.100.202602081740/tools/bin/../lib/gcc/arm-none-eabi/14.3.1/../../../../arm-none-eabi/lib/thumb/v7e-m+fp/hard\libc_nano.a(libc_a-closer.o)
                0x0802290c                _close_r
 .text._lseek_r
                0x0802292c       0x24 C:/ST/STM32CubeIDE_2.1.0/STM32CubeIDE/plugins/com.st.stm32cube.ide.mcu.externaltools.gnu-tools-for-stm32.14.3.rel1.win32_1.0.100.202602081740/tools/bin/../lib/gcc/arm-none-eabi/14.3.1/../../../../arm-none-eabi/lib/thumb/v7e-m+fp/hard\libc_nano.a(libc_a-lseekr.o)
                0x0802292c                _lseek_r
 .text._read_r  0x08022950       0x24 C:/ST/STM32CubeIDE_2.1.0/STM32CubeIDE/plugins/com.st.stm32cube.ide.mcu.externaltools.gnu-tools-for-stm32.14.3.rel1.win32_1.0.100.202602081740/tools/bin/../lib/gcc/arm-none-eabi/14.3.1/../../../../arm-none-eabi/lib/thumb/v7e-m+fp/hard\libc_nano.a(libc_a-readr.o)
                0x08022950                _read_r
 .text._sbrk_r  0x08022974       0x20 C:/ST/STM32CubeIDE_2.1.0/STM32CubeIDE/plugins/com.st.stm32cube.ide.mcu.externaltools.gnu-tools-for-stm32.14.3.rel1.win32_1.0.100.202602081740/tools/bin/../lib/gcc/arm-none-eabi/14.3.1/../../../../arm-none-eabi/lib/thumb/v7e-m+fp/hard\libc_nano.a(libc_a-sbrkr.o)
                0x08022974                _sbrk_r
 .text._write_r
                0x08022994       0x24 C:/ST/STM32CubeIDE_2.1.0/STM32CubeIDE/plugins/com.st.stm32cube.ide.mcu.externaltools.gnu-tools-for-stm32.14.3.rel1.win32_1.0.100.202602081740/tools/bin/../lib/gcc/arm-none-eabi/14.3.1/../../../../arm-none-eabi/lib/thumb/v7e-m+fp/hard\libc_nano.a(libc_a-writer.o)
                0x08022994                _write_r
 .text.__errno  0x080229b8        0xc C:/ST/STM32CubeIDE_2.1.0/STM32CubeIDE/plugins/com.st.stm32cube.ide.mcu.externaltools.gnu-tools-for-stm32.14.3.rel1.win32_1.0.100.202602081740/tools/bin/../lib/gcc/arm-none-eabi/14.3.1/../../../../arm-none-eabi/lib/thumb/v7e-m+fp/hard\libc_nano.a(libc_a-errno.o)
                0x080229b8                __errno
 .text.__libc_init_array
                0x080229c4       0x48 C:/ST/STM32CubeIDE_2.1.0/STM32CubeIDE/plugins/com.st.stm32cube.ide.mcu.externaltools.gnu-tools-for-stm32.14.3.rel1.win32_1.0.100.202602081740/tools/bin/../lib/gcc/arm-none-eabi/14.3.1/../../../../arm-none-eabi/lib/thumb/v7e-m+fp/hard\libc_nano.a(libc_a-init.o)
                0x080229c4                __libc_init_array
 .text.__retarget_lock_init_recursive
                0x08022a0c        0x2 C:/ST/STM32CubeIDE_2.1.0/STM32CubeIDE/plugins/com.st.stm32cube.ide.mcu.externaltools.gnu-tools-for-stm32.14.3.rel1.win32_1.0.100.202602081740/tools/bin/../lib/gcc/arm-none-eabi/14.3.1/../../../../arm-none-eabi/lib/thumb/v7e-m+fp/hard\libc_nano.a(libc_a-lock.o)
                0x08022a0c                __retarget_lock_init_recursive
 .text.__retarget_lock_acquire_recursive
                0x08022a0e        0x2 C:/ST/STM32CubeIDE_2.1.0/STM32CubeIDE/plugins/com.st.stm32cube.ide.mcu.externaltools.gnu-tools-for-stm32.14.3.rel1.win32_1.0.100.202602081740/tools/bin/../lib/gcc/arm-none-eabi/14.3.1/../../../../arm-none-eabi/lib/thumb/v7e-m+fp/hard\libc_nano.a(libc_a-lock.o)
                0x08022a0e                __retarget_lock_acquire_recursive
 .text.__retarget_lock_release_recursive
                0x08022a10        0x2 C:/ST/STM32CubeIDE_2.1.0/STM32CubeIDE/plugins/com.st.stm32cube.ide.mcu.externaltools.gnu-tools-for-stm32.14.3.rel1.win32_1.0.100.202602081740/tools/bin/../lib/gcc/arm-none-eabi/14.3.1/../../../../arm-none-eabi/lib/thumb/v7e-m+fp/hard\libc_nano.a(libc_a-lock.o)
                0x08022a10                __retarget_lock_release_recursive
 .text.memcpy   0x08022a12       0x1c C:/ST/STM32CubeIDE_2.1.0/STM32CubeIDE/plugins/com.st.stm32cube.ide.mcu.externaltools.gnu-tools-for-stm32.14.3.rel1.win32_1.0.100.202602081740/tools/bin/../lib/gcc/arm-none-eabi/14.3.1/../../../../arm-none-eabi/lib/thumb/v7e-m+fp/hard\libc_nano.a(libc_a-memcpy-stub.o)
                0x08022a12                memcpy
 *fill*         0x08022a2e        0x2 
 .text._free_r  0x08022a30       0x94 C:/ST/STM32CubeIDE_2.1.0/STM32CubeIDE/plugins/com.st.stm32cube.ide.mcu.externaltools.gnu-tools-for-stm32.14.3.rel1.win32_1.0.100.202602081740/tools/bin/../lib/gcc/arm-none-eabi/14.3.1/../../../../arm-none-eabi/lib/thumb/v7e-m+fp/hard\libc_nano.a(libc_a-freer.o)
                0x08022a30                _free_r
 .text.__sfputc_r
                0x08022ac4       0x2e C:/ST/STM32CubeIDE_2.1.0/STM32CubeIDE/plugins/com.st.stm32cube.ide.mcu.externaltools.gnu-tools-for-stm32.14.3.rel1.win32_1.0.100.202602081740/tools/bin/../lib/gcc/arm-none-eabi/14.3.1/../../../../arm-none-eabi/lib/thumb/v7e-m+fp/hard\libc_nano.a(libc_a-nano-vfprintf.o)
 .text.__sfputs_r
                0x08022af2       0x24 C:/ST/STM32CubeIDE_2.1.0/STM32CubeIDE/plugins/com.st.stm32cube.ide.mcu.externaltools.gnu-tools-for-stm32.14.3.rel1.win32_1.0.100.202602081740/tools/bin/../lib/gcc/arm-none-eabi/14.3.1/../../../../arm-none-eabi/lib/thumb/v7e-m+fp/hard\libc_nano.a(libc_a-nano-vfprintf.o)
                0x08022af2                __sfputs_r
 *fill*         0x08022b16        0x2 
 .text._vfprintf_r
                0x08022b18      0x228 C:/ST/STM32CubeIDE_2.1.0/STM32CubeIDE/plugins/com.st.stm32cube.ide.mcu.externaltools.gnu-tools-for-stm32.14.3.rel1.win32_1.0.100.202602081740/tools/bin/../lib/gcc/arm-none-eabi/14.3.1/../../../../arm-none-eabi/lib/thumb/v7e-m+fp/hard\libc_nano.a(libc_a-nano-vfprintf.o)
                0x08022b18                _vfprintf_r
                0x08022b18                _vfiprintf_r
 .text._printf_common
                0x08022d40       0xda C:/ST/STM32CubeIDE_2.1.0/STM32CubeIDE/plugins/com.st.stm32cube.ide.mcu.externaltools.gnu-tools-for-stm32.14.3.rel1.win32_1.0.100.202602081740/tools/bin/../lib/gcc/arm-none-eabi/14.3.1/../../../../arm-none-eabi/lib/thumb/v7e-m+fp/hard\libc_nano.a(libc_a-nano-vfprintf_i.o)
                0x08022d40                _printf_common
 *fill*         0x08022e1a        0x2 
 .text._printf_i
                0x08022e1c      0x24c C:/ST/STM32CubeIDE_2.1.0/STM32CubeIDE/plugins/com.st.stm32cube.ide.mcu.externaltools.gnu-tools-for-stm32.14.3.rel1.win32_1.0.100.202602081740/tools/bin/../lib/gcc/arm-none-eabi/14.3.1/../../../../arm-none-eabi/lib/thumb/v7e-m+fp/hard\libc_nano.a(libc_a-nano-vfprintf_i.o)
                0x08022e1c                _printf_i
 .text.__sflush_r
                0x08023068      0x104 C:/ST/STM32CubeIDE_2.1.0/STM32CubeIDE/plugins/com.st.stm32cube.ide.mcu.externaltools.gnu-tools-for-stm32.14.3.rel1.win32_1.0.100.202602081740/tools/bin/../lib/gcc/arm-none-eabi/14.3.1/../../../../arm-none-eabi/lib/thumb/v7e-m+fp/hard\libc_nano.a(libc_a-fflush.o)
                0x08023068                __sflush_r
 .text._fflush_r
                0x0802316c       0x50 C:/ST/STM32CubeIDE_2.1.0/STM32CubeIDE/plugins/com.st.stm32cube.ide.mcu.externaltools.gnu-tools-for-stm32.14.3.rel1.win32_1.0.100.202602081740/tools/bin/../lib/gcc/arm-none-eabi/14.3.1/../../../../arm-none-eabi/lib/thumb/v7e-m+fp/hard\libc_nano.a(libc_a-fflush.o)
                0x0802316c                _fflush_r
 .text.__swhatbuf_r
                0x080231bc       0x48 C:/ST/STM32CubeIDE_2.1.0/STM32CubeIDE/plugins/com.st.stm32cube.ide.mcu.externaltools.gnu-tools-for-stm32.14.3.rel1.win32_1.0.100.202602081740/tools/bin/../lib/gcc/arm-none-eabi/14.3.1/../../../../arm-none-eabi/lib/thumb/v7e-m+fp/hard\libc_nano.a(libc_a-makebuf.o)
                0x080231bc                __swhatbuf_r
 .text.__smakebuf_r
                0x08023204       0x72 C:/ST/STM32CubeIDE_2.1.0/STM32CubeIDE/plugins/com.st.stm32cube.ide.mcu.externaltools.gnu-tools-for-stm32.14.3.rel1.win32_1.0.100.202602081740/tools/bin/../lib/gcc/arm-none-eabi/14.3.1/../../../../arm-none-eabi/lib/thumb/v7e-m+fp/hard\libc_nano.a(libc_a-makebuf.o)
                0x08023204                __smakebuf_r
 *fill*         0x08023276        0x2 
 .text._fstat_r
                0x08023278       0x24 C:/ST/STM32CubeIDE_2.1.0/STM32CubeIDE/plugins/com.st.stm32cube.ide.mcu.externaltools.gnu-tools-for-stm32.14.3.rel1.win32_1.0.100.202602081740/tools/bin/../lib/gcc/arm-none-eabi/14.3.1/../../../../arm-none-eabi/lib/thumb/v7e-m+fp/hard\libc_nano.a(libc_a-fstatr.o)
                0x08023278                _fstat_r
 .text._isatty_r
                0x0802329c       0x20 C:/ST/STM32CubeIDE_2.1.0/STM32CubeIDE/plugins/com.st.stm32cube.ide.mcu.externaltools.gnu-tools-for-stm32.14.3.rel1.win32_1.0.100.202602081740/tools/bin/../lib/gcc/arm-none-eabi/14.3.1/../../../../arm-none-eabi/lib/thumb/v7e-m+fp/hard\libc_nano.a(libc_a-isattyr.o)
                0x0802329c                _isatty_r
 .text._close   0x080232bc       0x10 C:/ST/STM32CubeIDE_2.1.0/STM32CubeIDE/plugins/com.st.stm32cube.ide.mcu.externaltools.gnu-tools-for-stm32.14.3.rel1.win32_1.0.100.202602081740/tools/bin/../lib/gcc/arm-none-eabi/14.3.1/../../../../arm-none-eabi/lib/thumb/v7e-m+fp/hard\libnosys.a(close.o)
                0x080232bc                _close
 .text._fstat   0x080232cc       0x10 C:/ST/STM32CubeIDE_2.1.0/STM32CubeIDE/plugins/com.st.stm32cube.ide.mcu.externaltools.gnu-tools-for-stm32.14.3.rel1.win32_1.0.100.202602081740/tools/bin/../lib/gcc/arm-none-eabi/14.3.1/../../../../arm-none-eabi/lib/thumb/v7e-m+fp/hard\libnosys.a(fstat.o)
                0x080232cc                _fstat
 .text._isatty  0x080232dc       0x10 C:/ST/STM32CubeIDE_2.1.0/STM32CubeIDE/plugins/com.st.stm32cube.ide.mcu.externaltools.gnu-tools-for-stm32.14.3.rel1.win32_1.0.100.202602081740/tools/bin/../lib/gcc/arm-none-eabi/14.3.1/../../../../arm-none-eabi/lib/thumb/v7e-m+fp/hard\libnosys.a(isatty.o)
                0x080232dc                _isatty
 .text._lseek   0x080232ec       0x10 C:/ST/STM32CubeIDE_2.1.0/STM32CubeIDE/plugins/com.st.stm32cube.ide.mcu.externaltools.gnu-tools-for-stm32.14.3.rel1.win32_1.0.100.202602081740/tools/bin/../lib/gcc/arm-none-eabi/14.3.1/../../../../arm-none-eabi/lib/thumb/v7e-m+fp/hard\libnosys.a(lseek.o)
                0x080232ec                _lseek
 .text._read    0x080232fc       0x10 C:/ST/STM32CubeIDE_2.1.0/STM32CubeIDE/plugins/com.st.stm32cube.ide.mcu.externaltools.gnu-tools-for-stm32.14.3.rel1.win32_1.0.100.202602081740/tools/bin/../lib/gcc/arm-none-eabi/14.3.1/../../../../arm-none-eabi/lib/thumb/v7e-m+fp/hard\libnosys.a(read.o)
                0x080232fc                _read
 .text._write   0x0802330c       0x10 C:/ST/STM32CubeIDE_2.1.0/STM32CubeIDE/plugins/com.st.stm32cube.ide.mcu.externaltools.gnu-tools-for-stm32.14.3.rel1.win32_1.0.100.202602081740/tools/bin/../lib/gcc/arm-none-eabi/14.3.1/../../../../arm-none-eabi/lib/thumb/v7e-m+fp/hard\libnosys.a(write.o)
                0x0802330c                _write
 *(.glue_7)
 .glue_7        0x0802331c        0x0 linker stubs
 *(.glue_7t)
 .glue_7t       0x0802331c        0x0 linker stubs
 *(.eh_frame)
 .eh_frame      0x0802331c        0x0 C:/ST/STM32CubeIDE_2.1.0/STM32CubeIDE/plugins/com.st.stm32cube.ide.mcu.externaltools.gnu-tools-for-stm32.14.3.rel1.win32_1.0.100.202602081740/tools/bin/../lib/gcc/arm-none-eabi/14.3.1/thumb/v7e-m+fp/hard/crtbegin.o
 *(.init)
 .init          0x0802331c        0x4 C:/ST/STM32CubeIDE_2.1.0/STM32CubeIDE/plugins/com.st.stm32cube.ide.mcu.externaltools.gnu-tools-for-stm32.14.3.rel1.win32_1.0.100.202602081740/tools/bin/../lib/gcc/arm-none-eabi/14.3.1/thumb/v7e-m+fp/hard/crti.o
                0x0802331c                _init
 .init          0x08023320        0x8 C:/ST/STM32CubeIDE_2.1.0/STM32CubeIDE/plugins/com.st.stm32cube.ide.mcu.externaltools.gnu-tools-for-stm32.14.3.rel1.win32_1.0.100.202602081740/tools/bin/../lib/gcc/arm-none-eabi/14.3.1/thumb/v7e-m+fp/hard/crtn.o
 *(.fini)
 .fini          0x08023328        0x4 C:/ST/STM32CubeIDE_2.1.0/STM32CubeIDE/plugins/com.st.stm32cube.ide.mcu.externaltools.gnu-tools-for-stm32.14.3.rel1.win32_1.0.100.202602081740/tools/bin/../lib/gcc/arm-none-eabi/14.3.1/thumb/v7e-m+fp/hard/crti.o
                0x08023328                _fini
 .fini          0x0802332c        0x8 C:/ST/STM32CubeIDE_2.1.0/STM32CubeIDE/plugins/com.st.stm32cube.ide.mcu.externaltools.gnu-tools-for-stm32.14.3.rel1.win32_1.0.100.202602081740/tools/bin/../lib/gcc/arm-none-eabi/14.3.1/thumb/v7e-m+fp/hard/crtn.o
                0x08023334                        . = ALIGN (0x4)
                0x08023334                        _etext = .

.vfp11_veneer   0x08023334        0x0
 .vfp11_veneer  0x08023334        0x0 linker stubs

.v4_bx          0x08023334        0x0
 .v4_bx         0x08023334        0x0 linker stubs

.iplt           0x08023334        0x0
 .iplt          0x08023334        0x0 C:/ST/STM32CubeIDE_2.1.0/STM32CubeIDE/plugins/com.st.stm32cube.ide.mcu.externaltools.gnu-tools-for-stm32.14.3.rel1.win32_1.0.100.202602081740/tools/bin/../lib/gcc/arm-none-eabi/14.3.1/thumb/v7e-m+fp/hard/crtbegin.o

.rodata         0x08023340    0x4d814
                0x08023340                        . = ALIGN (0x4)
 *(.rodata)
 .rodata        0x08023340       0xad ./X-CUBE-AI/App/app_x-cube-ai.o
 *fill*         0x080233ed        0x3 
 .rodata        0x080233f0       0x30 ./X-CUBE-AI/App/network_data.o
 *(.rodata*)
 .rodata.AHBPrescTable
                0x08023420       0x10 ./Core/Src/system_stm32f4xx.o
                0x08023420                AHBPrescTable
 .rodata.APBPrescTable
                0x08023430        0x8 ./Core/Src/system_stm32f4xx.o
                0x08023430                APBPrescTable
 .rodata.__compound_literal.0
                0x08023438        0x4 ./X-CUBE-AI/App/network.o
 .rodata.__compound_literal.1
                0x0802343c        0x1 ./X-CUBE-AI/App/network.o
 *fill*         0x0802343d        0x3 
 .rodata.__compound_literal.2
                0x08023440        0x8 ./X-CUBE-AI/App/network.o
 .rodata.conv2d_1_output_array_intq
                0x08023448        0x8 ./X-CUBE-AI/App/network.o
 .rodata.__compound_literal.3
                0x08023450        0x4 ./X-CUBE-AI/App/network.o
 .rodata.__compound_literal.4
                0x08023454        0x1 ./X-CUBE-AI/App/network.o
 *fill*         0x08023455        0x3 
 .rodata.__compound_literal.5
                0x08023458        0x8 ./X-CUBE-AI/App/network.o
 .rodata.conv2d_1_scratch1_array_intq
                0x08023460        0x8 ./X-CUBE-AI/App/network.o
 .rodata.__compound_literal.6
                0x08023468       0x80 ./X-CUBE-AI/App/network.o
 .rodata.__compound_literal.7
                0x080234e8       0x20 ./X-CUBE-AI/App/network.o
 .rodata.__compound_literal.8
                0x08023508        0x8 ./X-CUBE-AI/App/network.o
 .rodata.conv2d_1_weights_array_intq
                0x08023510        0x8 ./X-CUBE-AI/App/network.o
 .rodata.__compound_literal.9
                0x08023518        0x4 ./X-CUBE-AI/App/network.o
 .rodata.__compound_literal.10
                0x0802351c        0x1 ./X-CUBE-AI/App/network.o
 *fill*         0x0802351d        0x3 
 .rodata.__compound_literal.11
                0x08023520        0x8 ./X-CUBE-AI/App/network.o
 .rodata.conv2d_3_output_array_intq
                0x08023528        0x8 ./X-CUBE-AI/App/network.o
 .rodata.__compound_literal.12
                0x08023530        0x4 ./X-CUBE-AI/App/network.o
 .rodata.__compound_literal.13
                0x08023534        0x1 ./X-CUBE-AI/App/network.o
 *fill*         0x08023535        0x3 
 .rodata.__compound_literal.14
                0x08023538        0x8 ./X-CUBE-AI/App/network.o
 .rodata.conv2d_3_scratch1_array_intq
                0x08023540        0x8 ./X-CUBE-AI/App/network.o
 .rodata.__compound_literal.15
                0x08023548      0x100 ./X-CUBE-AI/App/network.o
 .rodata.__compound_literal.16
                0x08023648       0x40 ./X-CUBE-AI/App/network.o
 .rodata.__compound_literal.17
                0x08023688        0x8 ./X-CUBE-AI/App/network.o
 .rodata.conv2d_3_weights_array_intq
                0x08023690        0x8 ./X-CUBE-AI/App/network.o
 .rodata.__compound_literal.18
                0x08023698        0x4 ./X-CUBE-AI/App/network.o
 .rodata.__compound_literal.19
                0x0802369c        0x1 ./X-CUBE-AI/App/network.o
 *fill*         0x0802369d        0x3 
 .rodata.__compound_literal.20
                0x080236a0        0x8 ./X-CUBE-AI/App/network.o
 .rodata.gemm_10_output_array_intq
                0x080236a8        0x8 ./X-CUBE-AI/App/network.o
 .rodata.__compound_literal.21
                0x080236b0       0x20 ./X-CUBE-AI/App/network.o
 .rodata.__compound_literal.22
                0x080236d0        0x8 ./X-CUBE-AI/App/network.o
 .rodata.__compound_literal.23
                0x080236d8        0x8 ./X-CUBE-AI/App/network.o
 .rodata.gemm_10_weights_array_intq
                0x080236e0        0x8 ./X-CUBE-AI/App/network.o
 .rodata.__compound_literal.24
                0x080236e8        0x4 ./X-CUBE-AI/App/network.o
 .rodata.__compound_literal.25
                0x080236ec        0x1 ./X-CUBE-AI/App/network.o
 *fill*         0x080236ed        0x3 
 .rodata.__compound_literal.26
                0x080236f0        0x8 ./X-CUBE-AI/App/network.o
 .rodata.gemm_9_output_array_intq
                0x080236f8        0x8 ./X-CUBE-AI/App/network.o
 .rodata.__compound_literal.27
                0x08023700      0x200 ./X-CUBE-AI/App/network.o
 .rodata.__compound_literal.28
                0x08023900       0x80 ./X-CUBE-AI/App/network.o
 .rodata.__compound_literal.29
                0x08023980        0x8 ./X-CUBE-AI/App/network.o
 .rodata.gemm_9_weights_array_intq
                0x08023988        0x8 ./X-CUBE-AI/App/network.o
 .rodata.__compound_literal.30
                0x08023990        0x4 ./X-CUBE-AI/App/network.o
 .rodata.__compound_literal.31
                0x08023994        0x1 ./X-CUBE-AI/App/network.o
 *fill*         0x08023995        0x3 
 .rodata.__compound_literal.32
                0x08023998        0x8 ./X-CUBE-AI/App/network.o
 .rodata.nl_11_output_array_intq
                0x080239a0        0x8 ./X-CUBE-AI/App/network.o
 .rodata.__compound_literal.33
                0x080239a8        0x4 ./X-CUBE-AI/App/network.o
 .rodata.__compound_literal.34
                0x080239ac        0x1 ./X-CUBE-AI/App/network.o
 *fill*         0x080239ad        0x3 
 .rodata.__compound_literal.35
                0x080239b0        0x8 ./X-CUBE-AI/App/network.o
 .rodata.resize_0_output_array_intq
                0x080239b8        0x8 ./X-CUBE-AI/App/network.o
 .rodata.__compound_literal.36
                0x080239c0        0x4 ./X-CUBE-AI/App/network.o
 .rodata.__compound_literal.37
                0x080239c4        0x1 ./X-CUBE-AI/App/network.o
 *fill*         0x080239c5        0x3 
 .rodata.__compound_literal.38
                0x080239c8        0x8 ./X-CUBE-AI/App/network.o
 .rodata.serving_default_keras_tensor_30_output_array_intq
                0x080239d0        0x8 ./X-CUBE-AI/App/network.o
 .rodata.nl_11_nl_params_data
                0x080239d8        0xc ./X-CUBE-AI/App/network.o
 .rodata.nl_11_nl_params
                0x080239e4       0x10 ./X-CUBE-AI/App/network.o
 .rodata.nl_11_chain
                0x080239f4        0x8 ./X-CUBE-AI/App/network.o
 .rodata.gemm_10_chain
                0x080239fc        0x8 ./X-CUBE-AI/App/network.o
 .rodata.gemm_9_chain
                0x08023a04        0x8 ./X-CUBE-AI/App/network.o
 .rodata.conv2d_3_chain
                0x08023a0c        0x8 ./X-CUBE-AI/App/network.o
 .rodata.conv2d_1_chain
                0x08023a14        0x8 ./X-CUBE-AI/App/network.o
 .rodata.resize_0_scales_data
                0x08023a1c       0x10 ./X-CUBE-AI/App/network.o
 .rodata.resize_0_scales
                0x08023a2c       0x10 ./X-CUBE-AI/App/network.o
 .rodata.resize_0_chain
                0x08023a3c        0x8 ./X-CUBE-AI/App/network.o
 *fill*         0x08023a44       0x1c 
 .rodata.s_network_weights_array_u64
                0x08023a60    0x4d0c0 ./X-CUBE-AI/App/network_data_params.o
                0x08023a60                s_network_weights_array_u64
 .rodata._vfprintf_r.str1.1
                0x08070b20       0x33 C:/ST/STM32CubeIDE_2.1.0/STM32CubeIDE/plugins/com.st.stm32cube.ide.mcu.externaltools.gnu-tools-for-stm32.14.3.rel1.win32_1.0.100.202602081740/tools/bin/../lib/gcc/arm-none-eabi/14.3.1/../../../../arm-none-eabi/lib/thumb/v7e-m+fp/hard\libc_nano.a(libc_a-nano-vfprintf.o)
                                 0x11 (size before relaxing)
 .rodata._printf_i.str1.1
                0x08070b53       0x22 C:/ST/STM32CubeIDE_2.1.0/STM32CubeIDE/plugins/com.st.stm32cube.ide.mcu.externaltools.gnu-tools-for-stm32.14.3.rel1.win32_1.0.100.202602081740/tools/bin/../lib/gcc/arm-none-eabi/14.3.1/../../../../arm-none-eabi/lib/thumb/v7e-m+fp/hard\libc_nano.a(libc_a-nano-vfprintf_i.o)
                0x08070b78                        . = ALIGN (0x4)
 *fill*         0x08070b53        0x1 

.ARM.extab      0x08070b54        0x0
                0x08070b54                        . = ALIGN (0x4)
 *(.ARM.extab* .gnu.linkonce.armextab.*)
                0x08070b54                        . = ALIGN (0x4)

.ARM            0x08070b54        0x8
                0x08070b54                        . = ALIGN (0x4)
                0x08070b54                        __exidx_start = .
 *(.ARM.exidx*)
 .ARM.exidx     0x08070b54        0x8 C:/ST/STM32CubeIDE_2.1.0/STM32CubeIDE/plugins/com.st.stm32cube.ide.mcu.externaltools.gnu-tools-for-stm32.14.3.rel1.win32_1.0.100.202602081740/tools/bin/../lib/gcc/arm-none-eabi/14.3.1/../../../../arm-none-eabi/lib/thumb/v7e-m+fp/hard\libc_nano.a(libc_a-memchr.o)
 .ARM.exidx     0x08070b5c        0x0 C:/ST/STM32CubeIDE_2.1.0/STM32CubeIDE/plugins/com.st.stm32cube.ide.mcu.externaltools.gnu-tools-for-stm32.14.3.rel1.win32_1.0.100.202602081740/tools/bin/../lib/gcc/arm-none-eabi/14.3.1/thumb/v7e-m+fp/hard\libgcc.a(_udivmoddi4.o)
                                  0x8 (size before relaxing)
                0x08070b5c                        __exidx_end = .
                0x08070b5c                        . = ALIGN (0x4)

.preinit_array  0x08070b5c        0x0
                0x08070b5c                        . = ALIGN (0x4)
                0x08070b5c                        PROVIDE (__preinit_array_start = .)
 *(.preinit_array*)
                0x08070b5c                        PROVIDE (__preinit_array_end = .)
                0x08070b5c                        . = ALIGN (0x4)

.init_array     0x08070b5c        0x4
                0x08070b5c                        . = ALIGN (0x4)
                0x08070b5c                        PROVIDE (__init_array_start = .)
 *(SORT_BY_NAME(.init_array.*))
 *(.init_array*)
 .init_array    0x08070b5c        0x4 C:/ST/STM32CubeIDE_2.1.0/STM32CubeIDE/plugins/com.st.stm32cube.ide.mcu.externaltools.gnu-tools-for-stm32.14.3.rel1.win32_1.0.100.202602081740/tools/bin/../lib/gcc/arm-none-eabi/14.3.1/thumb/v7e-m+fp/hard/crtbegin.o
                0x08070b60                        PROVIDE (__init_array_end = .)
                0x08070b60                        . = ALIGN (0x4)

.fini_array     0x08070b60        0x4
                0x08070b60                        . = ALIGN (0x4)
                [!provide]                        PROVIDE (__fini_array_start = .)
 *(SORT_BY_NAME(.fini_array.*))
 *(.fini_array*)
 .fini_array    0x08070b60        0x4 C:/ST/STM32CubeIDE_2.1.0/STM32CubeIDE/plugins/com.st.stm32cube.ide.mcu.externaltools.gnu-tools-for-stm32.14.3.rel1.win32_1.0.100.202602081740/tools/bin/../lib/gcc/arm-none-eabi/14.3.1/thumb/v7e-m+fp/hard/crtbegin.o
                [!provide]                        PROVIDE (__fini_array_end = .)
                0x08070b64                        . = ALIGN (0x4)
                0x08070b64                        _sidata = LOADADDR (.data)

.rel.dyn        0x08070b64        0x0
 .rel.iplt      0x08070b64        0x0 C:/ST/STM32CubeIDE_2.1.0/STM32CubeIDE/plugins/com.st.stm32cube.ide.mcu.externaltools.gnu-tools-for-stm32.14.3.rel1.win32_1.0.100.202602081740/tools/bin/../lib/gcc/arm-none-eabi/14.3.1/thumb/v7e-m+fp/hard/crtbegin.o

.data           0x20000000      0xb3c load address 0x08070b64
                0x20000000                        . = ALIGN (0x4)
                0x20000000                        _sdata = .
 *(.data)
 *(.data*)
 .data.SystemCoreClock
                0x20000000        0x4 ./Core/Src/system_stm32f4xx.o
                0x20000000                SystemCoreClock
 .data.uwTickPrio
                0x20000004        0x4 ./Drivers/STM32F4xx_HAL_Driver/Src/stm32f4xx_hal.o
                0x20000004                uwTickPrio
 .data.uwTickFreq
                0x20000008        0x1 ./Drivers/STM32F4xx_HAL_Driver/Src/stm32f4xx_hal.o
                0x20000008                uwTickFreq
 *fill*         0x20000009        0x3 
 .data.data_activations0
                0x2000000c        0x4 ./X-CUBE-AI/App/app_x-cube-ai.o
                0x2000000c                data_activations0
 .data.serving_default_keras_tensor_30_output_array
                0x20000010       0x10 ./X-CUBE-AI/App/network.o
 .data.resize_0_output_array
                0x20000020       0x10 ./X-CUBE-AI/App/network.o
 .data.conv2d_1_output_array
                0x20000030       0x10 ./X-CUBE-AI/App/network.o
 .data.conv2d_3_output_array
                0x20000040       0x10 ./X-CUBE-AI/App/network.o
 .data.gemm_9_output_array
                0x20000050       0x10 ./X-CUBE-AI/App/network.o
 .data.gemm_10_output_array
                0x20000060       0x10 ./X-CUBE-AI/App/network.o
 .data.nl_11_output_array
                0x20000070       0x10 ./X-CUBE-AI/App/network.o
 .data.conv2d_1_weights_array
                0x20000080       0x10 ./X-CUBE-AI/App/network.o
 .data.conv2d_1_bias_array
                0x20000090       0x10 ./X-CUBE-AI/App/network.o
 .data.conv2d_3_weights_array
                0x200000a0       0x10 ./X-CUBE-AI/App/network.o
 .data.conv2d_3_bias_array
                0x200000b0       0x10 ./X-CUBE-AI/App/network.o
 .data.gemm_9_weights_array
                0x200000c0       0x10 ./X-CUBE-AI/App/network.o
 .data.gemm_9_bias_array
                0x200000d0       0x10 ./X-CUBE-AI/App/network.o
 .data.gemm_10_weights_array
                0x200000e0       0x10 ./X-CUBE-AI/App/network.o
 .data.gemm_10_bias_array
                0x200000f0       0x10 ./X-CUBE-AI/App/network.o
 .data.conv2d_1_scratch0_array
                0x20000100       0x10 ./X-CUBE-AI/App/network.o
 .data.conv2d_1_scratch1_array
                0x20000110       0x10 ./X-CUBE-AI/App/network.o
 .data.conv2d_3_scratch0_array
                0x20000120       0x10 ./X-CUBE-AI/App/network.o
 .data.conv2d_3_scratch1_array
                0x20000130       0x10 ./X-CUBE-AI/App/network.o
 .data.gemm_9_scratch0_array
                0x20000140       0x10 ./X-CUBE-AI/App/network.o
 .data.gemm_10_scratch0_array
                0x20000150       0x10 ./X-CUBE-AI/App/network.o
 .data.nl_11_scratch0_array
                0x20000160       0x10 ./X-CUBE-AI/App/network.o
 .data.__compound_literal.39
                0x20000170       0x10 ./X-CUBE-AI/App/network.o
 .data.__compound_literal.40
                0x20000180       0x10 ./X-CUBE-AI/App/network.o
 .data.conv2d_1_bias
                0x20000190       0x1c ./X-CUBE-AI/App/network.o
 .data.__compound_literal.41
                0x200001ac       0x10 ./X-CUBE-AI/App/network.o
 .data.__compound_literal.42
                0x200001bc       0x10 ./X-CUBE-AI/App/network.o
 .data.conv2d_1_output
                0x200001cc       0x1c ./X-CUBE-AI/App/network.o
 .data.__compound_literal.43
                0x200001e8       0x10 ./X-CUBE-AI/App/network.o
 .data.__compound_literal.44
                0x200001f8       0x10 ./X-CUBE-AI/App/network.o
 .data.conv2d_1_scratch0
                0x20000208       0x1c ./X-CUBE-AI/App/network.o
 .data.__compound_literal.45
                0x20000224       0x10 ./X-CUBE-AI/App/network.o
 .data.__compound_literal.46
                0x20000234       0x10 ./X-CUBE-AI/App/network.o
 .data.conv2d_1_scratch1
                0x20000244       0x1c ./X-CUBE-AI/App/network.o
 .data.__compound_literal.47
                0x20000260       0x10 ./X-CUBE-AI/App/network.o
 .data.__compound_literal.48
                0x20000270       0x10 ./X-CUBE-AI/App/network.o
 .data.conv2d_1_weights
                0x20000280       0x1c ./X-CUBE-AI/App/network.o
 .data.__compound_literal.49
                0x2000029c       0x10 ./X-CUBE-AI/App/network.o
 .data.__compound_literal.50
                0x200002ac       0x10 ./X-CUBE-AI/App/network.o
 .data.conv2d_3_bias
                0x200002bc       0x1c ./X-CUBE-AI/App/network.o
 .data.__compound_literal.51
                0x200002d8       0x10 ./X-CUBE-AI/App/network.o
 .data.__compound_literal.52
                0x200002e8       0x10 ./X-CUBE-AI/App/network.o
 .data.conv2d_3_output
                0x200002f8       0x1c ./X-CUBE-AI/App/network.o
 .data.__compound_literal.53
                0x20000314       0x10 ./X-CUBE-AI/App/network.o
 .data.__compound_literal.54
                0x20000324       0x10 ./X-CUBE-AI/App/network.o
 .data.conv2d_3_output0
                0x20000334       0x1c ./X-CUBE-AI/App/network.o
 .data.__compound_literal.55
                0x20000350       0x10 ./X-CUBE-AI/App/network.o
 .data.__compound_literal.56
                0x20000360       0x10 ./X-CUBE-AI/App/network.o
 .data.conv2d_3_scratch0
                0x20000370       0x1c ./X-CUBE-AI/App/network.o
 .data.__compound_literal.57
                0x2000038c       0x10 ./X-CUBE-AI/App/network.o
 .data.__compound_literal.58
                0x2000039c       0x10 ./X-CUBE-AI/App/network.o
 .data.conv2d_3_scratch1
                0x200003ac       0x1c ./X-CUBE-AI/App/network.o
 .data.__compound_literal.59
                0x200003c8       0x10 ./X-CUBE-AI/App/network.o
 .data.__compound_literal.60
                0x200003d8       0x10 ./X-CUBE-AI/App/network.o
 .data.conv2d_3_weights
                0x200003e8       0x1c ./X-CUBE-AI/App/network.o
 .data.__compound_literal.61
                0x20000404       0x10 ./X-CUBE-AI/App/network.o
 .data.__compound_literal.62
                0x20000414       0x10 ./X-CUBE-AI/App/network.o
 .data.gemm_10_bias
                0x20000424       0x1c ./X-CUBE-AI/App/network.o
 .data.__compound_literal.63
                0x20000440       0x10 ./X-CUBE-AI/App/network.o
 .data.__compound_literal.64
                0x20000450       0x10 ./X-CUBE-AI/App/network.o
 .data.gemm_10_output
                0x20000460       0x1c ./X-CUBE-AI/App/network.o
 .data.__compound_literal.65
                0x2000047c       0x10 ./X-CUBE-AI/App/network.o
 .data.__compound_literal.66
                0x2000048c       0x10 ./X-CUBE-AI/App/network.o
 .data.gemm_10_scratch0
                0x2000049c       0x1c ./X-CUBE-AI/App/network.o
 .data.__compound_literal.67
                0x200004b8       0x10 ./X-CUBE-AI/App/network.o
 .data.__compound_literal.68
                0x200004c8       0x10 ./X-CUBE-AI/App/network.o
 .data.gemm_10_weights
                0x200004d8       0x1c ./X-CUBE-AI/App/network.o
 .data.__compound_literal.69
                0x200004f4       0x10 ./X-CUBE-AI/App/network.o
 .data.__compound_literal.70
                0x20000504       0x10 ./X-CUBE-AI/App/network.o
 .data.gemm_9_bias
                0x20000514       0x1c ./X-CUBE-AI/App/network.o
 .data.__compound_literal.71
                0x20000530       0x10 ./X-CUBE-AI/App/network.o
 .data.__compound_literal.72
                0x20000540       0x10 ./X-CUBE-AI/App/network.o
 .data.gemm_9_output
                0x20000550       0x1c ./X-CUBE-AI/App/network.o
 .data.__compound_literal.73
                0x2000056c       0x10 ./X-CUBE-AI/App/network.o
 .data.__compound_literal.74
                0x2000057c       0x10 ./X-CUBE-AI/App/network.o
 .data.gemm_9_scratch0
                0x2000058c       0x1c ./X-CUBE-AI/App/network.o
 .data.__compound_literal.75
                0x200005a8       0x10 ./X-CUBE-AI/App/network.o
 .data.__compound_literal.76
                0x200005b8       0x10 ./X-CUBE-AI/App/network.o
 .data.gemm_9_weights
                0x200005c8       0x1c ./X-CUBE-AI/App/network.o
 .data.__compound_literal.77
                0x200005e4       0x10 ./X-CUBE-AI/App/network.o
 .data.__compound_literal.78
                0x200005f4       0x10 ./X-CUBE-AI/App/network.o
 .data.nl_11_output
                0x20000604       0x1c ./X-CUBE-AI/App/network.o
 .data.__compound_literal.79
                0x20000620       0x10 ./X-CUBE-AI/App/network.o
 .data.__compound_literal.80
                0x20000630       0x10 ./X-CUBE-AI/App/network.o
 .data.nl_11_scratch0
                0x20000640       0x1c ./X-CUBE-AI/App/network.o
 .data.__compound_literal.81
                0x2000065c       0x10 ./X-CUBE-AI/App/network.o
 .data.__compound_literal.82
                0x2000066c       0x10 ./X-CUBE-AI/App/network.o
 .data.resize_0_output
                0x2000067c       0x1c ./X-CUBE-AI/App/network.o
 .data.__compound_literal.83
                0x20000698       0x10 ./X-CUBE-AI/App/network.o
 .data.__compound_literal.84
                0x200006a8       0x10 ./X-CUBE-AI/App/network.o
 .data.serving_default_keras_tensor_30_output
                0x200006b8       0x1c ./X-CUBE-AI/App/network.o
 .data.__compound_literal.85
                0x200006d4        0x4 ./X-CUBE-AI/App/network.o
 .data.__compound_literal.86
                0x200006d8        0x4 ./X-CUBE-AI/App/network.o
 .data.__compound_literal.88
                0x200006dc        0x4 ./X-CUBE-AI/App/network.o
 .data.__compound_literal.89
                0x200006e0       0x30 ./X-CUBE-AI/App/network.o
 .data.nl_11_layer
                0x20000710       0x24 ./X-CUBE-AI/App/network.o
 .data.__compound_literal.90
                0x20000734        0x4 ./X-CUBE-AI/App/network.o
 .data.__compound_literal.91
                0x20000738        0x4 ./X-CUBE-AI/App/network.o
 .data.__compound_literal.92
                0x2000073c        0x8 ./X-CUBE-AI/App/network.o
 .data.__compound_literal.93
                0x20000744        0x4 ./X-CUBE-AI/App/network.o
 .data.__compound_literal.94
                0x20000748       0x30 ./X-CUBE-AI/App/network.o
 .data.gemm_10_layer
                0x20000778       0x1c ./X-CUBE-AI/App/network.o
 .data.__compound_literal.95
                0x20000794        0x4 ./X-CUBE-AI/App/network.o
 .data.__compound_literal.96
                0x20000798        0x4 ./X-CUBE-AI/App/network.o
 .data.__compound_literal.97
                0x2000079c        0x8 ./X-CUBE-AI/App/network.o
 .data.__compound_literal.98
                0x200007a4        0x4 ./X-CUBE-AI/App/network.o
 .data.__compound_literal.99
                0x200007a8       0x30 ./X-CUBE-AI/App/network.o
 .data.gemm_9_layer
                0x200007d8       0x1c ./X-CUBE-AI/App/network.o
 .data.__compound_literal.100
                0x200007f4        0x4 ./X-CUBE-AI/App/network.o
 .data.__compound_literal.101
                0x200007f8        0x4 ./X-CUBE-AI/App/network.o
 .data.__compound_literal.102
                0x200007fc        0xc ./X-CUBE-AI/App/network.o
 .data.__compound_literal.103
                0x20000808        0x8 ./X-CUBE-AI/App/network.o
 .data.__compound_literal.104
                0x20000810       0x30 ./X-CUBE-AI/App/network.o
 .data.conv2d_3_layer
                0x20000840       0x60 ./X-CUBE-AI/App/network.o
 .data.__compound_literal.107
                0x200008a0        0x4 ./X-CUBE-AI/App/network.o
 .data.__compound_literal.108
                0x200008a4        0x4 ./X-CUBE-AI/App/network.o
 .data.__compound_literal.109
                0x200008a8        0xc ./X-CUBE-AI/App/network.o
 .data.__compound_literal.110
                0x200008b4        0x8 ./X-CUBE-AI/App/network.o
 .data.__compound_literal.111
                0x200008bc       0x30 ./X-CUBE-AI/App/network.o
 .data.conv2d_1_layer
                0x200008ec       0x60 ./X-CUBE-AI/App/network.o
 .data.__compound_literal.114
                0x2000094c        0x4 ./X-CUBE-AI/App/network.o
 .data.__compound_literal.115
                0x20000950        0x4 ./X-CUBE-AI/App/network.o
 .data.__compound_literal.118
                0x20000954       0x30 ./X-CUBE-AI/App/network.o
 .data.resize_0_layer
                0x20000984       0x28 ./X-CUBE-AI/App/network.o
 .data.__compound_literal.119
                0x200009ac       0x10 ./X-CUBE-AI/App/network.o
 .data.__compound_literal.120
                0x200009bc       0x1c ./X-CUBE-AI/App/network.o
 .data.__compound_literal.121
                0x200009d8       0x10 ./X-CUBE-AI/App/network.o
 .data.__compound_literal.122
                0x200009e8       0x1c ./X-CUBE-AI/App/network.o
 .data.__compound_literal.123
                0x20000a04        0x4 ./X-CUBE-AI/App/network.o
 .data.__compound_literal.127
                0x20000a08        0xc ./X-CUBE-AI/App/network.o
 .data.__compound_literal.128
                0x20000a14        0x4 ./X-CUBE-AI/App/network.o
 .data.__compound_literal.132
                0x20000a18        0xc ./X-CUBE-AI/App/network.o
 .data.__compound_literal.133
                0x20000a24       0x18 ./X-CUBE-AI/App/network.o
 .data.g_network
                0x20000a3c       0x4c ./X-CUBE-AI/App/network.o
 .data.__compound_literal.0
                0x20000a88       0x10 ./X-CUBE-AI/App/network_data.o
 .data.g_network_data_map_activations
                0x20000a98       0x1c ./X-CUBE-AI/App/network_data.o
                0x20000a98                g_network_data_map_activations
 .data.__compound_literal.1
                0x20000ab4       0x10 ./X-CUBE-AI/App/network_data.o
 .data.g_network_data_map_weights
                0x20000ac4       0x1c ./X-CUBE-AI/App/network_data.o
                0x20000ac4                g_network_data_map_weights
 .data.__sglue  0x20000ae0        0xc C:/ST/STM32CubeIDE_2.1.0/STM32CubeIDE/plugins/com.st.stm32cube.ide.mcu.externaltools.gnu-tools-for-stm32.14.3.rel1.win32_1.0.100.202602081740/tools/bin/../lib/gcc/arm-none-eabi/14.3.1/../../../../arm-none-eabi/lib/thumb/v7e-m+fp/hard\libc_nano.a(libc_a-findfp.o)
                0x20000ae0                __sglue
 .data._impure_ptr
                0x20000aec        0x4 C:/ST/STM32CubeIDE_2.1.0/STM32CubeIDE/plugins/com.st.stm32cube.ide.mcu.externaltools.gnu-tools-for-stm32.14.3.rel1.win32_1.0.100.202602081740/tools/bin/../lib/gcc/arm-none-eabi/14.3.1/../../../../arm-none-eabi/lib/thumb/v7e-m+fp/hard\libc_nano.a(libc_a-impure.o)
                0x20000aec                _impure_ptr
 .data._impure_data
                0x20000af0       0x4c C:/ST/STM32CubeIDE_2.1.0/STM32CubeIDE/plugins/com.st.stm32cube.ide.mcu.externaltools.gnu-tools-for-stm32.14.3.rel1.win32_1.0.100.202602081740/tools/bin/../lib/gcc/arm-none-eabi/14.3.1/../../../../arm-none-eabi/lib/thumb/v7e-m+fp/hard\libc_nano.a(libc_a-impure.o)
                0x20000af0                _impure_data
 *(.RamFunc)
 *(.RamFunc*)
                0x20000b3c                        . = ALIGN (0x4)
                0x20000b3c                        _edata = .

.igot.plt       0x20000b3c        0x0 load address 0x080716a0
 .igot.plt      0x20000b3c        0x0 C:/ST/STM32CubeIDE_2.1.0/STM32CubeIDE/plugins/com.st.stm32cube.ide.mcu.externaltools.gnu-tools-for-stm32.14.3.rel1.win32_1.0.100.202602081740/tools/bin/../lib/gcc/arm-none-eabi/14.3.1/thumb/v7e-m+fp/hard/crtbegin.o
                0x20000b3c                        . = ALIGN (0x4)

.bss            0x20000b40     0x8390 load address 0x080716a0
                0x20000b40                        _sbss = .
                0x20000b40                        __bss_start__ = _sbss
 *(.bss)
 .bss           0x20000b40       0x1c C:/ST/STM32CubeIDE_2.1.0/STM32CubeIDE/plugins/com.st.stm32cube.ide.mcu.externaltools.gnu-tools-for-stm32.14.3.rel1.win32_1.0.100.202602081740/tools/bin/../lib/gcc/arm-none-eabi/14.3.1/thumb/v7e-m+fp/hard/crtbegin.o
 *(.bss*)
 .bss.huart2    0x20000b5c       0x48 ./Core/Src/main.o
                0x20000b5c                huart2
 .bss.audio_buffer
                0x20000ba4     0x3e7c ./Core/Src/main.o
                0x20000ba4                audio_buffer
 .bss.__sbrk_heap_end
                0x20004a20        0x4 ./Core/Src/sysmem.o
 .bss.uwTick    0x20004a24        0x4 ./Drivers/STM32F4xx_HAL_Driver/Src/stm32f4xx_hal.o
                0x20004a24                uwTick
 .bss.data_ins  0x20004a28        0x4 ./X-CUBE-AI/App/app_x-cube-ai.o
                0x20004a28                data_ins
 .bss.data_outs
                0x20004a2c        0x4 ./X-CUBE-AI/App/app_x-cube-ai.o
                0x20004a2c                data_outs
 *fill*         0x20004a30       0x10 
 .bss.pool0     0x20004a40     0x427c ./X-CUBE-AI/App/app_x-cube-ai.o
 .bss.network   0x20008cbc        0x4 ./X-CUBE-AI/App/app_x-cube-ai.o
 .bss.ai_input  0x20008cc0        0x4 ./X-CUBE-AI/App/app_x-cube-ai.o
 .bss.ai_output
                0x20008cc4        0x4 ./X-CUBE-AI/App/app_x-cube-ai.o
 .bss.g_network_activations_map
                0x20008cc8        0x4 ./X-CUBE-AI/App/network.o
 .bss.g_network_weights_map
                0x20008ccc        0x4 ./X-CUBE-AI/App/network.o
 .bss.__compound_literal.87
                0x20008cd0        0x4 ./X-CUBE-AI/App/network.o
 .bss.__compound_literal.105
                0x20008cd4       0x10 ./X-CUBE-AI/App/network.o
 .bss.__compound_literal.106
                0x20008ce4       0x10 ./X-CUBE-AI/App/network.o
 .bss.__compound_literal.112
                0x20008cf4       0x10 ./X-CUBE-AI/App/network.o
 .bss.__compound_literal.113
                0x20008d04       0x10 ./X-CUBE-AI/App/network.o
 .bss.__compound_literal.116
                0x20008d14        0x4 ./X-CUBE-AI/App/network.o
 .bss.__compound_literal.117
                0x20008d18        0x4 ./X-CUBE-AI/App/network.o
 .bss.__compound_literal.124
                0x20008d1c       0x1c ./X-CUBE-AI/App/network.o
 .bss.__compound_literal.125
                0x20008d38       0x10 ./X-CUBE-AI/App/network.o
 .bss.__compound_literal.126
                0x20008d48        0x8 ./X-CUBE-AI/App/network.o
 .bss.__compound_literal.129
                0x20008d50       0x1c ./X-CUBE-AI/App/network.o
 .bss.__compound_literal.130
                0x20008d6c       0x10 ./X-CUBE-AI/App/network.o
 .bss.__compound_literal.131
                0x20008d7c        0x8 ./X-CUBE-AI/App/network.o
 .bss.__malloc_sbrk_start
                0x20008d84        0x4 C:/ST/STM32CubeIDE_2.1.0/STM32CubeIDE/plugins/com.st.stm32cube.ide.mcu.externaltools.gnu-tools-for-stm32.14.3.rel1.win32_1.0.100.202602081740/tools/bin/../lib/gcc/arm-none-eabi/14.3.1/../../../../arm-none-eabi/lib/thumb/v7e-m+fp/hard\libc_nano.a(libc_a-mallocr.o)
                0x20008d84                __malloc_sbrk_start
 .bss.__malloc_free_list
                0x20008d88        0x4 C:/ST/STM32CubeIDE_2.1.0/STM32CubeIDE/plugins/com.st.stm32cube.ide.mcu.externaltools.gnu-tools-for-stm32.14.3.rel1.win32_1.0.100.202602081740/tools/bin/../lib/gcc/arm-none-eabi/14.3.1/../../../../arm-none-eabi/lib/thumb/v7e-m+fp/hard\libc_nano.a(libc_a-mallocr.o)
                0x20008d88                __malloc_free_list
 .bss.__sf      0x20008d8c      0x138 C:/ST/STM32CubeIDE_2.1.0/STM32CubeIDE/plugins/com.st.stm32cube.ide.mcu.externaltools.gnu-tools-for-stm32.14.3.rel1.win32_1.0.100.202602081740/tools/bin/../lib/gcc/arm-none-eabi/14.3.1/../../../../arm-none-eabi/lib/thumb/v7e-m+fp/hard\libc_nano.a(libc_a-findfp.o)
                0x20008d8c                __sf
 .bss.__stdio_exit_handler
                0x20008ec4        0x4 C:/ST/STM32CubeIDE_2.1.0/STM32CubeIDE/plugins/com.st.stm32cube.ide.mcu.externaltools.gnu-tools-for-stm32.14.3.rel1.win32_1.0.100.202602081740/tools/bin/../lib/gcc/arm-none-eabi/14.3.1/../../../../arm-none-eabi/lib/thumb/v7e-m+fp/hard\libc_nano.a(libc_a-findfp.o)
                0x20008ec4                __stdio_exit_handler
 .bss.errno     0x20008ec8        0x4 C:/ST/STM32CubeIDE_2.1.0/STM32CubeIDE/plugins/com.st.stm32cube.ide.mcu.externaltools.gnu-tools-for-stm32.14.3.rel1.win32_1.0.100.202602081740/tools/bin/../lib/gcc/arm-none-eabi/14.3.1/../../../../arm-none-eabi/lib/thumb/v7e-m+fp/hard\libc_nano.a(libc_a-reent.o)
                0x20008ec8                errno
 .bss.__lock___malloc_recursive_mutex
                0x20008ecc        0x1 C:/ST/STM32CubeIDE_2.1.0/STM32CubeIDE/plugins/com.st.stm32cube.ide.mcu.externaltools.gnu-tools-for-stm32.14.3.rel1.win32_1.0.100.202602081740/tools/bin/../lib/gcc/arm-none-eabi/14.3.1/../../../../arm-none-eabi/lib/thumb/v7e-m+fp/hard\libc_nano.a(libc_a-lock.o)
                0x20008ecc                __lock___malloc_recursive_mutex
 .bss.__lock___sfp_recursive_mutex
                0x20008ecd        0x1 C:/ST/STM32CubeIDE_2.1.0/STM32CubeIDE/plugins/com.st.stm32cube.ide.mcu.externaltools.gnu-tools-for-stm32.14.3.rel1.win32_1.0.100.202602081740/tools/bin/../lib/gcc/arm-none-eabi/14.3.1/../../../../arm-none-eabi/lib/thumb/v7e-m+fp/hard\libc_nano.a(libc_a-lock.o)
                0x20008ecd                __lock___sfp_recursive_mutex
 *(COMMON)
                0x20008ed0                        . = ALIGN (0x4)
 *fill*         0x20008ece        0x2 
                0x20008ed0                        _ebss = .
                0x20008ed0                        __bss_end__ = _ebss

._user_heap_stack
                0x20008ed0     0x8000 load address 0x080716a0
                0x20008ed0                        . = ALIGN (0x8)
                [!provide]                        PROVIDE (end = .)
                0x20008ed0                        PROVIDE (_end = .)
                0x2000ced0                        . = (. + _Min_Heap_Size)
 *fill*         0x20008ed0     0x4000 
                0x20010ed0                        . = (. + _Min_Stack_Size)
 *fill*         0x2000ced0     0x4000 
                0x20010ed0                        . = ALIGN (0x8)

/DISCARD/
 libc.a(*)
 libm.a(*)
 libgcc.a(*)

.ARM.attributes
                0x00000000       0x30
 *(.ARM.attributes)
 .ARM.attributes
                0x00000000       0x22 C:/ST/STM32CubeIDE_2.1.0/STM32CubeIDE/plugins/com.st.stm32cube.ide.mcu.externaltools.gnu-tools-for-stm32.14.3.rel1.win32_1.0.100.202602081740/tools/bin/../lib/gcc/arm-none-eabi/14.3.1/thumb/v7e-m+fp/hard/crti.o
 .ARM.attributes
                0x00000022       0x34 C:/ST/STM32CubeIDE_2.1.0/STM32CubeIDE/plugins/com.st.stm32cube.ide.mcu.externaltools.gnu-tools-for-stm32.14.3.rel1.win32_1.0.100.202602081740/tools/bin/../lib/gcc/arm-none-eabi/14.3.1/thumb/v7e-m+fp/hard/crtbegin.o
 .ARM.attributes
                0x00000056       0x34 ./Core/Src/main.o
 .ARM.attributes
                0x0000008a       0x34 ./Core/Src/stm32f4xx_hal_msp.o
 .ARM.attributes
                0x000000be       0x34 ./Core/Src/stm32f4xx_it.o
 .ARM.attributes
                0x000000f2       0x34 ./Core/Src/sysmem.o
 .ARM.attributes
                0x00000126       0x34 ./Core/Src/system_stm32f4xx.o
 .ARM.attributes
                0x0000015a       0x21 ./Core/Startup/startup_stm32f401retx.o
 .ARM.attributes
                0x0000017b       0x34 ./Drivers/STM32F4xx_HAL_Driver/Src/stm32f4xx_hal.o
 .ARM.attributes
                0x000001af       0x34 ./Drivers/STM32F4xx_HAL_Driver/Src/stm32f4xx_hal_cortex.o
 .ARM.attributes
                0x000001e3       0x34 ./Drivers/STM32F4xx_HAL_Driver/Src/stm32f4xx_hal_gpio.o
 .ARM.attributes
                0x00000217       0x34 ./Drivers/STM32F4xx_HAL_Driver/Src/stm32f4xx_hal_rcc.o
 .ARM.attributes
                0x0000024b       0x34 ./Drivers/STM32F4xx_HAL_Driver/Src/stm32f4xx_hal_uart.o
 .ARM.attributes
                0x0000027f       0x34 ./X-CUBE-AI/App/app_x-cube-ai.o
 .ARM.attributes
                0x000002b3       0x34 ./X-CUBE-AI/App/network.o
 .ARM.attributes
                0x000002e7       0x34 ./X-CUBE-AI/App/network_data.o
 .ARM.attributes
                0x0000031b       0x34 ./X-CUBE-AI/App/network_data_params.o
 .ARM.attributes
                0x0000034f       0x30 ../Middlewares/ST/AI/Lib\NetworkRuntime1020_CM4_GCC.a(ai_platform.o)
 .ARM.attributes
                0x0000037f       0x30 ../Middlewares/ST/AI/Lib\NetworkRuntime1020_CM4_GCC.a(ai_platform_interface.o)
 .ARM.attributes
                0x000003af       0x30 ../Middlewares/ST/AI/Lib\NetworkRuntime1020_CM4_GCC.a(core_common.o)
 .ARM.attributes
                0x000003df       0x30 ../Middlewares/ST/AI/Lib\NetworkRuntime1020_CM4_GCC.a(layers.o)
 .ARM.attributes
                0x0000040f       0x30 ../Middlewares/ST/AI/Lib\NetworkRuntime1020_CM4_GCC.a(layers_conv2d_sssa8_ch.o)
 .ARM.attributes
                0x0000043f       0x30 ../Middlewares/ST/AI/Lib\NetworkRuntime1020_CM4_GCC.a(layers_conv2d_stm32_integer.o)
 .ARM.attributes
                0x0000046f       0x30 ../Middlewares/ST/AI/Lib\NetworkRuntime1020_CM4_GCC.a(layers_nl_stm32_integer.o)
 .ARM.attributes
                0x0000049f       0x30 ../Middlewares/ST/AI/Lib\NetworkRuntime1020_CM4_GCC.a(layers_pool_stm32_integer.o)
 .ARM.attributes
                0x000004cf       0x30 ../Middlewares/ST/AI/Lib\NetworkRuntime1020_CM4_GCC.a(layers_upsample.o)
 .ARM.attributes
                0x000004ff       0x30 ../Middlewares/ST/AI/Lib\NetworkRuntime1020_CM4_GCC.a(forward_lite_dense_is8os8ws8_ch.o)
 .ARM.attributes
                0x0000052f       0x30 ../Middlewares/ST/AI/Lib\NetworkRuntime1020_CM4_GCC.a(forward_lite_maxpool_is8os8_scalepos.o)
 .ARM.attributes
                0x0000055f       0x30 ../Middlewares/ST/AI/Lib\NetworkRuntime1020_CM4_GCC.a(forward_lite_conv2d_sssa8_ch.o)
 .ARM.attributes
                0x0000058f       0x30 ../Middlewares/ST/AI/Lib\NetworkRuntime1020_CM4_GCC.a(forward_lite_maxpool_is8os8.o)
 .ARM.attributes
                0x000005bf       0x30 ../Middlewares/ST/AI/Lib\NetworkRuntime1020_CM4_GCC.a(forward_lite_upsample.o)
 .ARM.attributes
                0x000005ef       0x30 ../Middlewares/ST/AI/Lib\NetworkRuntime1020_CM4_GCC.a(lite_nl_generic_integer.o)
 .ARM.attributes
                0x0000061f       0x30 ../Middlewares/ST/AI/Lib\NetworkRuntime1020_CM4_GCC.a(st_align_factor.o)
 .ARM.attributes
                0x0000064f       0x30 ../Middlewares/ST/AI/Lib\NetworkRuntime1020_CM4_GCC.a(st_int8_to16_no_shift.o)
 .ARM.attributes
                0x0000067f       0x30 ../Middlewares/ST/AI/Lib\NetworkRuntime1020_CM4_GCC.a(st_padding_opt.o)
 .ARM.attributes
                0x000006af       0x30 ../Middlewares/ST/AI/Lib\NetworkRuntime1020_CM4_GCC.a(st_int16_fill.o)
 .ARM.attributes
                0x000006df       0x30 ../Middlewares/ST/AI/Lib\NetworkRuntime1020_CM4_GCC.a(st_sssa8_ch_convolve.o)
 .ARM.attributes
                0x0000070f       0x30 ../Middlewares/ST/AI/Lib\NetworkRuntime1020_CM4_GCC.a(st_sssa8_ch_dense.o)
 .ARM.attributes
                0x0000073f       0x30 ../Middlewares/ST/AI/Lib\NetworkRuntime1020_CM4_GCC.a(st_int8_fill.o)
 .ARM.attributes
                0x0000076f       0x30 ../Middlewares/ST/AI/Lib\NetworkRuntime1020_CM4_GCC.a(st_int8_reordered_no_shift.o)
 .ARM.attributes
                0x0000079f       0x30 ../Middlewares/ST/AI/Lib\NetworkRuntime1020_CM4_GCC.a(st_sssa8_ch_nn_mat_mult_kernel_single_opt.o)
 .ARM.attributes
                0x000007cf       0x1c ../Middlewares/ST/AI/Lib\NetworkRuntime1020_CM4_GCC.a(st_sssa8_ch_nn_mat_mult_deep_conv2d_3x3.o)
 .ARM.attributes
                0x000007eb       0x1c ../Middlewares/ST/AI/Lib\NetworkRuntime1020_CM4_GCC.a(st_sssa8_ch_nn_mat_mult_kernel_opt.o)
 .ARM.attributes
                0x00000807       0x30 ../Middlewares/ST/AI/Lib\NetworkRuntime1020_CM4_GCC.a(ai_datatypes_format.o)
 .ARM.attributes
                0x00000837       0x30 ../Middlewares/ST/AI/Lib\NetworkRuntime1020_CM4_GCC.a(ai_datatypes_internal.o)
 .ARM.attributes
                0x00000867       0x30 ../Middlewares/ST/AI/Lib\NetworkRuntime1020_CM4_GCC.a(core_utils.o)
 .ARM.attributes
                0x00000897       0x30 ../Middlewares/ST/AI/Lib\NetworkRuntime1020_CM4_GCC.a(lite_nl_softmax_is8os8.o)
 .ARM.attributes
                0x000008c7       0x30 ../Middlewares/ST/AI/Lib\NetworkRuntime1020_CM4_GCC.a(lite_nl_softmax_iu8ou8.o)
 .ARM.attributes
                0x000008f7       0x30 ../Middlewares/ST/AI/Lib\NetworkRuntime1020_CM4_GCC.a(lite_bilinear_kernel.o)
 .ARM.attributes
                0x00000927       0x34 C:/ST/STM32CubeIDE_2.1.0/STM32CubeIDE/plugins/com.st.stm32cube.ide.mcu.externaltools.gnu-tools-for-stm32.14.3.rel1.win32_1.0.100.202602081740/tools/bin/../lib/gcc/arm-none-eabi/14.3.1/../../../../arm-none-eabi/lib/thumb/v7e-m+fp/hard\libc_nano.a(libc_a-mallocr.o)
 .ARM.attributes
                0x0000095b       0x34 C:/ST/STM32CubeIDE_2.1.0/STM32CubeIDE/plugins/com.st.stm32cube.ide.mcu.externaltools.gnu-tools-for-stm32.14.3.rel1.win32_1.0.100.202602081740/tools/bin/../lib/gcc/arm-none-eabi/14.3.1/../../../../arm-none-eabi/lib/thumb/v7e-m+fp/hard\libc_nano.a(libc_a-mlock.o)
 .ARM.attributes